<html>
<body>
<pre>
<h1>µVision Build Log</h1>
<h2>Tool Versions:</h2>
IDE-Version: ¦ÌVision V5.16a
Copyright (C) 2015 ARM Ltd and ARM Germany GmbH. All rights reserved.
License Information: kking kking, kking, LIC=21EVE-5IAHB-G7ER6-DTHUE-3ATNZ-6ADWT
 
Tool Versions:
Toolchain:       MDK-ARM Standard  Version: 5.16a
Toolchain Path:  C:\Keil_v5\ARM\ARMCC\Bin
C Compiler:      Armcc.exe V5.06 (build 20)
Assembler:       Armasm.exe V5.06 (build 20)
Linker/Locator:  ArmLink.exe V5.06 (build 20)
Library Manager: ArmAr.exe V5.06 (build 20)
Hex Converter:   FromElf.exe V5.06 (build 20)
CPU DLL:         SARMCM3.DLL V5.16a
Dialog DLL:      DARMCM1.DLL V1.12.0.0
Target DLL:      Segger\JL2CM3.dll V2.99.15.2
Dialog DLL:      TARMCM1.DLL V1.9.0.0
 
<h2>Project:</h2>
F:\SVN\DA14583\github\T1sdk5.4.0\5.0.4\projects\target_apps\ble_examples\ble_app_all_in_one\Keil_5\ble_app_all_in_one.uvprojx
Project File Date:  02/29/2020

<h2>Output:</h2>
*** Using Compiler 'V5.06 (build 20)', folder: 'C:\Keil_v5\ARM\ARMCC\Bin'
Build target 'ble_app_all_in_one_580'
assembling boot_vectors.s...
compiling hardfault_handler.c...
compiling system_ARMCM0.c...
compiling nmi_handler.c...
compiling nvds.c...
compiling arch_console.c...
compiling arch_sleep.c...
compiling arch_main.c...
compiling jump_table.c...
compiling syscntl.c...
compiling arch_patch.c...
compiling arch_system.c...
compiling gpio.c...
compiling wkupct_quadec.c...
compiling battery.c...
..\..\..\..\..\sdk\platform\driver\battery\battery.c(197): warning:  #177-D: variable "batt_lvl" was declared but never referenced
  	uint8_t batt_lvl;
..\..\..\..\..\sdk\platform\driver\battery\battery.c(172): warning:  #177-D: function "battery_filter_value" was declared but never referenced
  static inline uint16_t battery_filter_value (uint16_t new_adc_value)
..\..\..\..\..\sdk\platform\driver\battery\battery.c: 2 warnings, 0 errors
compiling adc.c...
compiling trng.c...
compiling spi_flash.c...
compiling spi.c...
compiling i2c_eeprom.c...
compiling pwm.c...
compiling uart2.c...
compiling rf_580.c...
compiling rwble.c...
compiling gapm.c...
compiling rwip.c...
compiling attm_db_128.c...
compiling diss.c...
compiling diss_task.c...
compiling custs1.c...
compiling prf_utils.c...
compiling custs1_task.c...
compiling custom_common.c...
compiling spotar.c...
compiling spotar_task.c...
compiling app_default_handlers.c...
compiling app.c...
compiling app_task.c...
compiling app_security.c...
compiling app_security_task.c...
compiling app_bass.c...
compiling app_bass_task.c...
compiling app_findme.c...
compiling app_findme_task.c...
compiling app_proxr.c...
compiling app_proxr_task.c...
compiling app_diss.c...
compiling app_diss_task.c...
compiling app_spotar_task.c...
compiling app_spotar.c...
compiling app_entry_point.c...
compiling app_msg_utils.c...
compiling app_easy_msg_utils.c...
compiling app_easy_security.c...
compiling app_easy_timer.c...
compiling app_customs.c...
compiling app_customs_task.c...
compiling app_customs_common.c...
compiling app_bond_db.c...
compiling user_custs_config.c...
compiling user_custs1_def.c...
compiling user_periph_setup.c...
compiling user_custs1_impl.c...
..\src\user_custs1_impl.c(354): warning:  #188-D: enumerated type mixed with another type
      timer2_set_sw_pause(HW_CAN_NOT_PAUSE_PWM_2_3_4);
..\src\user_custs1_impl.c(479): warning:  #177-D: variable "len" was declared but never referenced
  		uint8_t data[6] = {0,0,0,0,0,0},len;
..\src\user_custs1_impl.c(518): warning:  #223-D: function "adc_usDelay" declared implicitly
      adc_usDelay(20);
..\src\user_custs1_impl.c(568): warning:  #177-D: variable "printfBuf" was declared but never referenced
  	char printfBuf[8] = {0};
..\src\user_custs1_impl.c(67): warning:  #177-D: function "user_app_pwm_callback_function" was declared but never referenced
  static void user_app_pwm_callback_function(void);
..\src\user_custs1_impl.c: 5 warnings, 0 errors
compiling user_all_in_one.c...
linking...
Program Size: Code=26530 RO-data=2622 RW-data=700 ZI-data=8176  
FromELF: creating hex file...
After Build - User command #1: fromelf --bincombined --output=".\PTM100_V1.bin"  ".\out_580\ble_app_all_in_one_580.axf"
".\out_580\ble_app_all_in_one_580.axf" - 0 Error(s), 7 Warning(s).

<h2>Collection of Component include folders:</h2>
  F:\SVN\DA14583\github\T1sdk5.4.0\5.0.4\projects\target_apps\ble_examples\ble_app_all_in_one\Keil_5\RTE
  C:\Keil_v5\ARM\PACK\ARM\CMSIS\4.3.0\Device\ARM\ARMCM0\Include

<h2>Collection of Component Files used:</h2>
Build Time Elapsed:  00:00:18
</pre>
</body>
</html>
