<!doctype html public "-//w3c//dtd html 4.0 transitional//en">
<html><head>
<title>Static Call Graph - [.\out_580\ble_app_all_in_one_580.axf]</title></head>
<body><HR>
<H1>Static Call Graph for image .\out_580\ble_app_all_in_one_580.axf</H1><HR>
<BR><P>#&#060CALLGRAPH&#062# ARM Linker, 5060020: Last Updated: Tue Mar 10 00:05:11 2020
<BR><P>
<H3>Maximum Stack Usage =       1196 bytes + Unknown(Cycles, Untraceable Function Pointers)</H3><H3>
Call chain for Maximum Stack Depth:</H3>
main_func &rArr; system_init &rArr; init_rand_seed_from_trng &rArr; trng_acquire &rArr; rfpt_init &rArr; rf_regs
<P>
<H3>
Mutually Recursive functions
</H3> <LI><a href="#[4]">PendSV_Handler</a>&nbsp;&nbsp;&nbsp;&rArr;&nbsp;&nbsp;&nbsp;<a href="#[4]">PendSV_Handler</a><BR>
 <LI><a href="#[5]">SysTick_Handler</a>&nbsp;&nbsp;&nbsp;&rArr;&nbsp;&nbsp;&nbsp;<a href="#[5]">SysTick_Handler</a><BR>
 <LI><a href="#[16]">ADC_Handler</a>&nbsp;&nbsp;&nbsp;&rArr;&nbsp;&nbsp;&nbsp;<a href="#[16]">ADC_Handler</a><BR>
</UL>
<P>
<H3>
Function Pointers
</H3><UL>
 <LI><a href="#[16]">ADC_Handler</a> from boot_vectors.o(.text) referenced from boot_vectors.o(RESET)
 <LI><a href="#[11]">BLE_CRYPT_Handler</a> from rom_symdef.txt(ABSOLUTE) referenced from boot_vectors.o(RESET)
 <LI><a href="#[9]">BLE_CSCNT_Handler</a> from rwble.o(.text) referenced from boot_vectors.o(RESET)
 <LI><a href="#[b]">BLE_ERROR_Handler</a> from rom_symdef.txt(ABSOLUTE) referenced from boot_vectors.o(RESET)
 <LI><a href="#[d]">BLE_EVENT_Handler</a> from rwble.o(.text) referenced from boot_vectors.o(RESET)
 <LI><a href="#[7]">BLE_FINETGTIM_Handler</a> from rwble.o(.text) referenced from boot_vectors.o(RESET)
 <LI><a href="#[8]">BLE_GROSSTGTIM_Handler</a> from rom_symdef.txt(ABSOLUTE) referenced from boot_vectors.o(RESET)
 <LI><a href="#[10]">BLE_RF_DIAG_Handler</a> from rwble.o(.text) referenced from boot_vectors.o(RESET)
 <LI><a href="#[c]">BLE_RX_Handler</a> from rwble.o(.text) referenced from boot_vectors.o(RESET)
 <LI><a href="#[a]">BLE_SLP_Handler</a> from rwble.o(.text) referenced from boot_vectors.o(RESET)
 <LI><a href="#[6]">BLE_WAKEUP_LP_Handler</a> from rwble.o(.text) referenced from boot_vectors.o(RESET)
 <LI><a href="#[4b]">DCoffsetCalibration_func</a> from rom_symdef.txt(ABSOLUTE) referenced from jump_table.o(jump_table_mem_area)
 <LI><a href="#[3b]">GPADC_init_func</a> from rom_symdef.txt(ABSOLUTE) referenced from jump_table.o(jump_table_mem_area)
 <LI><a href="#[19]">GPIO0_Handler</a> from gpio.o(.text) referenced from boot_vectors.o(RESET)
 <LI><a href="#[1a]">GPIO1_Handler</a> from gpio.o(.text) referenced from boot_vectors.o(RESET)
 <LI><a href="#[1b]">GPIO2_Handler</a> from gpio.o(.text) referenced from boot_vectors.o(RESET)
 <LI><a href="#[1c]">GPIO3_Handler</a> from gpio.o(.text) referenced from boot_vectors.o(RESET)
 <LI><a href="#[1d]">GPIO4_Handler</a> from gpio.o(.text) referenced from boot_vectors.o(RESET)
 <LI><a href="#[2]">HardFault_Handler</a> from boot_vectors.o(.text) referenced from boot_vectors.o(RESET)
 <LI><a href="#[57]">HardFault_HandlerC</a> from hardfault_handler.o(.text) referenced from boot_vectors.o(.text)
 <LI><a href="#[14]">I2C_Handler</a> from boot_vectors.o(.text) referenced from boot_vectors.o(RESET)
 <LI><a href="#[4c]">IffCalibration_func</a> from rom_symdef.txt(ABSOLUTE) referenced from jump_table.o(jump_table_mem_area)
 <LI><a href="#[17]">KEYBRD_Handler</a> from boot_vectors.o(.text) referenced from boot_vectors.o(RESET)
 <LI><a href="#[1]">NMI_Handler</a> from boot_vectors.o(.text) referenced from boot_vectors.o(RESET)
 <LI><a href="#[56]">NMI_HandlerC</a> from nmi_handler.o(.text) referenced from boot_vectors.o(.text)
 <LI><a href="#[4]">PendSV_Handler</a> from boot_vectors.o(.text) referenced from boot_vectors.o(RESET)
 <LI><a href="#[5f]">RADIOCNTL_Handler</a> from rf_580.o(.text) referenced from rf_580.o(.text)
 <LI><a href="#[18]">RFCAL_Handler</a> from boot_vectors.o(.text) referenced from boot_vectors.o(RESET)
 <LI><a href="#[0]">Reset_Handler</a> from boot_vectors.o(.text) referenced from boot_vectors.o(RESET)
 <LI><a href="#[15]">SPI_Handler</a> from boot_vectors.o(.text) referenced from boot_vectors.o(RESET)
 <LI><a href="#[3]">SVC_Handler</a> from boot_vectors.o(.text) referenced from boot_vectors.o(RESET)
 <LI><a href="#[58]">SVC_Handler_c</a> from arch_patch.o(.text) referenced from boot_vectors.o(.text)
 <LI><a href="#[e]">SWTIM_Handler</a> from pwm.o(.text) referenced from boot_vectors.o(RESET)
 <LI><a href="#[5]">SysTick_Handler</a> from boot_vectors.o(.text) referenced from boot_vectors.o(RESET)
 <LI><a href="#[54]">SystemInit</a> from system_armcm0.o(.text) referenced from boot_vectors.o(.text)
 <LI><a href="#[7d]">TASK_ATTS_atts_rtx_ind_handler</a> from rom_symdef.txt(ABSOLUTE) referenced from atts_task.obj(.constdata)
 <LI><a href="#[7a]">TASK_ATTS_atts_send_event_cmd_handler</a> from rom_symdef.txt(ABSOLUTE) referenced from atts_task.obj(.constdata)
 <LI><a href="#[7e]">TASK_ATTS_l2cc_data_send_rsp_handler</a> from rom_symdef.txt(ABSOLUTE) referenced from atts_task.obj(.constdata)
 <LI><a href="#[7c]">TASK_ATTS_smpc_cmp_evt_handler</a> from rom_symdef.txt(ABSOLUTE) referenced from atts_task.obj(.constdata)
 <LI><a href="#[7b]">TASK_ATTS_smpc_sign_ind_handler</a> from rom_symdef.txt(ABSOLUTE) referenced from atts_task.obj(.constdata)
 <LI><a href="#[13]">UART2_Handler</a> from uart2.o(.text) referenced from boot_vectors.o(RESET)
 <LI><a href="#[12]">UART_Handler</a> from rom_symdef.txt(ABSOLUTE) referenced from boot_vectors.o(RESET)
 <LI><a href="#[27]">UART_Handler_func</a> from rom_symdef.txt(ABSOLUTE) referenced from jump_table.o(jump_table_mem_area)
 <LI><a href="#[f]">WKUP_QUADEC_Handler</a> from wkupct_quadec.o(.text) referenced from boot_vectors.o(RESET)
 <LI><a href="#[55]">__main</a> from entry.o(.ARM.Collect$$$$00000000) referenced from boot_vectors.o(.text)
 <LI><a href="#[69]">adv_data_update_timer_cb</a> from user_all_in_one.o(.text) referenced from user_all_in_one.o(.text)
 <LI><a href="#[6d]">app_button_press_cb</a> from user_all_in_one.o(.text) referenced from user_all_in_one.o(.text)
 <LI><a href="#[68]">app_check_button_cb</a> from user_all_in_one.o(.text) referenced from user_all_in_one.o(.text)
 <LI><a href="#[bb]">app_custs1_create_db</a> from app_customs.o(.text) referenced from user_custs_config.o(.constdata)
 <LI><a href="#[b9]">app_custs1_create_db_cfm_handler</a> from app_customs_task.o(.text) referenced from app_customs_task.o(.constdata)
 <LI><a href="#[ba]">app_custs1_disable_ind_handler</a> from app_customs_task.o(.text) referenced from app_customs_task.o(.constdata)
 <LI><a href="#[bc]">app_custs1_enable</a> from app_customs.o(.text) referenced from user_custs_config.o(.constdata)
 <LI><a href="#[b8]">app_custs1_process_handler</a> from app_customs_task.o(.text) referenced from app_entry_point.o(.constdata)
 <LI><a href="#[9f]">app_diss_create_db</a> from app_diss.o(.text) referenced from app.o(.constdata)
 <LI><a href="#[a0]">app_diss_enable</a> from app_diss.o(.text) referenced from app.o(.constdata)
 <LI><a href="#[b6]">app_diss_process_handler</a> from app_diss_task.o(.text) referenced from app_entry_point.o(.constdata)
 <LI><a href="#[ab]">app_entry_point_handler</a> from app_entry_point.o(.text) referenced from app_task.o(.constdata)
 <LI><a href="#[b3]">app_gap_process_handler</a> from app_task.o(.text) referenced from app_entry_point.o(.constdata)
 <LI><a href="#[a9]">app_module_init_cmp_evt_handler</a> from app_task.o(.text) referenced from app_task.o(.constdata)
 <LI><a href="#[b5]">app_msg_utils_api_process_handler</a> from app_easy_msg_utils.o(.text) referenced from app_entry_point.o(.constdata)
 <LI><a href="#[a1]">app_spotar_create_db</a> from app_spotar.o(.text) referenced from app.o(.constdata)
 <LI><a href="#[a2]">app_spotar_enable</a> from app_spotar.o(.text) referenced from app.o(.constdata)
 <LI><a href="#[b7]">app_spotar_process_handler</a> from app_spotar_task.o(.text) referenced from app_entry_point.o(.constdata)
 <LI><a href="#[b4]">app_timer_api_process_handler</a> from app_easy_timer.o(.text) referenced from app_entry_point.o(.constdata)
 <LI><a href="#[6c]">app_wakeup_cb</a> from user_all_in_one.o(.text) referenced from user_all_in_one.o(.text)
 <LI><a href="#[6a]">app_wakeup_led_ctrl_cb</a> from user_all_in_one.o(.text) referenced from user_all_in_one.o(.text)
 <LI><a href="#[6e]">atts_read_resp_patch</a> from atts_util.obj(.text) referenced from arch_patch.o(.constdata)
 <LI><a href="#[67]">cali_param_update_cb</a> from user_all_in_one.o(.text) referenced from user_all_in_one.o(.text)
 <LI><a href="#[3d]">check_pll_lock_func</a> from rom_symdef.txt(ABSOLUTE) referenced from jump_table.o(jump_table_mem_area)
 <LI><a href="#[42]">clear_HW_LUT_func</a> from rom_symdef.txt(ABSOLUTE) referenced from jump_table.o(jump_table_mem_area)
 <LI><a href="#[71]">cmp_abs_time</a> from arch_patch.o(.text) referenced from arch_patch.o(.constdata)
 <LI><a href="#[32]">custom_nvds_get_func</a> from nvds.o(.text) referenced from jump_table.o(jump_table_mem_area)
 <LI><a href="#[91]">custs1_create_db_req_handler</a> from custs1_task.o(.text) referenced from custs1_task.o(.constdata)
 <LI><a href="#[92]">custs1_enable_req_handler</a> from custs1_task.o(.text) referenced from custs1_task.o(.constdata)
 <LI><a href="#[bd]">custs1_init</a> from custs1.o(.text) referenced from user_custs_config.o(.constdata)
 <LI><a href="#[97]">custs1_val_ind_req_handler</a> from custs1_task.o(.text) referenced from custs1_task.o(.constdata)
 <LI><a href="#[95]">custs1_val_ntf_req_handler</a> from custs1_task.o(.text) referenced from custs1_task.o(.constdata)
 <LI><a href="#[96]">custs1_val_set_req_handler</a> from custs1_task.o(.text) referenced from custs1_task.o(.constdata)
 <LI><a href="#[ac]">diss_create_db_cfm_handler</a> from app_diss_task.o(.text) referenced from app_diss_task.o(.constdata)
 <LI><a href="#[8d]">diss_create_db_req_handler</a> from diss_task.o(.text) referenced from diss_task.o(.constdata)
 <LI><a href="#[ad]">diss_disable_ind_handler</a> from app_diss_task.o(.text) referenced from app_diss_task.o(.constdata)
 <LI><a href="#[8f]">diss_enable_req_handler</a> from diss_task.o(.text) referenced from diss_task.o(.constdata)
 <LI><a href="#[8e]">diss_set_char_val_req_handler</a> from diss_task.o(.text) referenced from diss_task.o(.constdata)
 <LI><a href="#[36]">enable_BLE_core_irq_func</a> from rom_symdef.txt(ABSOLUTE) referenced from jump_table.o(jump_table_mem_area)
 <LI><a href="#[49]">enable_rf_diag_irq_func</a> from rom_symdef.txt(ABSOLUTE) referenced from jump_table.o(jump_table_mem_area)
 <LI><a href="#[46]">find_initial_calcap_ranges_func</a> from rom_symdef.txt(ABSOLUTE) referenced from jump_table.o(jump_table_mem_area)
 <LI><a href="#[a6]">gapc_cmp_evt_handler</a> from app_task.o(.text) referenced from app_task.o(.constdata)
 <LI><a href="#[72]">gapc_con_create_patch</a> from arch_patch.o(.text) referenced from arch_patch.o(.constdata)
 <LI><a href="#[a7]">gapc_connection_req_ind_handler</a> from app_task.o(.text) referenced from app_task.o(.constdata)
 <LI><a href="#[90]">gapc_disconnect_ind_handler</a> from diss_task.o(.text) referenced 4 times from diss_task.o(.constdata)
 <LI><a href="#[8a]">gapc_rom_default_handler</a> from gapc_task.obj(.text) referenced from gapc_task.obj(.constdata)
 <LI><a href="#[aa]">gapm_adv_report_ind_handler</a> from app_task.o(.text) referenced from app_task.o(.constdata)
 <LI><a href="#[a5]">gapm_cmp_evt_handler</a> from app_task.o(.text) referenced from app_task.o(.constdata)
 <LI><a href="#[a4]">gapm_device_ready_ind_handler</a> from app_task.o(.text) referenced from app_task.o(.constdata)
 <LI><a href="#[94]">gattc_cmp_evt_handler</a> from custs1_task.o(.text) referenced from custs1_task.o(.constdata)
 <LI><a href="#[93]">gattc_write_cmd_ind_handler</a> from custs1_task.o(.text) referenced 2 times from custs1_task.o(.constdata)
 <LI><a href="#[4e]">get_rc16m_count_func</a> from arch_system.o(.text) referenced from jump_table.o(jump_table_mem_area)
 <LI><a href="#[2e]">gtl_eif_init_func</a> from rom_symdef.txt(ABSOLUTE) referenced from jump_table.o(jump_table_mem_area)
 <LI><a href="#[38]">gtl_hci_rx_header_func</a> from rom_symdef.txt(ABSOLUTE) referenced from jump_table.o(jump_table_mem_area)
 <LI><a href="#[39]">gtl_hci_rx_payload_func</a> from rom_symdef.txt(ABSOLUTE) referenced from jump_table.o(jump_table_mem_area)
 <LI><a href="#[3a]">gtl_hci_tx_evt_func</a> from rom_symdef.txt(ABSOLUTE) referenced from jump_table.o(jump_table_mem_area)
 <LI><a href="#[2f]">ke_task_init_func</a> from ke_task.obj(.text) referenced from jump_table.o(jump_table_mem_area)
 <LI><a href="#[59]">ke_task_schedule</a> from ke_task.obj(.text) referenced from ke_task.obj(.text)
 <LI><a href="#[30]">ke_timer_init_func</a> from rom_symdef.txt(ABSOLUTE) referenced from jump_table.o(jump_table_mem_area)
 <LI><a href="#[7f]">llc_rom_default_handler</a> from llc.obj(.text) referenced from llc.obj(.constdata)
 <LI><a href="#[89]">lld_data_ind_handler</a> from rom_symdef.txt(ABSOLUTE) referenced from llc.obj(.constdata)
 <LI><a href="#[2d]">lld_evt_init_func</a> from rom_symdef.txt(ABSOLUTE) referenced from jump_table.o(jump_table_mem_area)
 <LI><a href="#[35]">lld_init_func</a> from rom_symdef.txt(ABSOLUTE) referenced from jump_table.o(jump_table_mem_area)
 <LI><a href="#[28]">lld_sleep_compensate_func_patched</a> from rwble.o(.text) referenced from jump_table.o(jump_table_mem_area)
 <LI><a href="#[29]">lld_sleep_init_func</a> from arch_system.o(.text) referenced from jump_table.o(jump_table_mem_area)
 <LI><a href="#[2b]">lld_sleep_lpcycles_2_us_sel_func</a> from arch_system.o(.text) referenced from jump_table.o(jump_table_mem_area)
 <LI><a href="#[2a]">lld_sleep_us_2_lpcycles_sel_func</a> from arch_system.o(.text) referenced from jump_table.o(jump_table_mem_area)
 <LI><a href="#[52]">lld_test_mode_rx_func</a> from rom_symdef.txt(ABSOLUTE) referenced from jump_table.o(jump_table_mem_area)
 <LI><a href="#[51]">lld_test_mode_tx_func</a> from rom_symdef.txt(ABSOLUTE) referenced from jump_table.o(jump_table_mem_area)
 <LI><a href="#[50]">lld_test_stop_func</a> from rom_symdef.txt(ABSOLUTE) referenced from jump_table.o(jump_table_mem_area)
 <LI><a href="#[31]">llm_encryption_done_func</a> from rom_symdef.txt(ABSOLUTE) referenced from jump_table.o(jump_table_mem_area)
 <LI><a href="#[6f]">llm_rom_default_handler</a> from arch_patch.o(.text) referenced from arch_patch.o(.constdata)
 <LI><a href="#[53]">main</a> from rom_symdef.txt(ABSOLUTE) referenced from entry9a.o(.ARM.Collect$$$$0000000B)
 <LI><a href="#[1e]">main_func</a> from arch_main.o(.text) referenced from jump_table.o(jump_table_mem_area)
 <LI><a href="#[3c]">meas_precharge_freq_func</a> from rom_symdef.txt(ABSOLUTE) referenced from jump_table.o(jump_table_mem_area)
 <LI><a href="#[4a]">modulationGainCalibration_func</a> from rom_symdef.txt(ABSOLUTE) referenced from jump_table.o(jump_table_mem_area)
 <LI><a href="#[79]">my_l2cc_pdu_recv_ind_handler</a> from atts_task.obj(.text) referenced from atts_task.obj(.constdata)
 <LI><a href="#[8c]">my_llc_discon_cmp_evt_handler</a> from gapc_task.obj(.text) referenced from gapc_task.obj(.constdata)
 <LI><a href="#[8b]">my_llc_event_common_cmd_status_handler</a> from gapc_task.obj(.text) referenced from gapc_task.obj(.constdata)
 <LI><a href="#[80]">my_llc_le_con_update_cmd_handler</a> from llc.obj(.text) referenced from llc.obj(.constdata)
 <LI><a href="#[82]">my_llc_link_sup_to_ind_handler</a> from llc.obj(.text) referenced from llc.obj(.constdata)
 <LI><a href="#[83]">my_llc_llcp_rsp_to_ind_handler</a> from llc.obj(.text) referenced from llc.obj(.constdata)
 <LI><a href="#[81]">my_llc_llcp_tx_cfm_handler</a> from llc.obj(.text) referenced from llc.obj(.constdata)
 <LI><a href="#[85]">my_llcp_channel_map_req_handler</a> from llc.obj(.text) referenced from llc.obj(.constdata)
 <LI><a href="#[84]">my_llcp_con_up_req_handler</a> from llc.obj(.text) referenced from llc.obj(.constdata)
 <LI><a href="#[86]">my_llcp_enc_req_handler</a> from llc.obj(.text) referenced from llc.obj(.constdata)
 <LI><a href="#[87]">my_llcp_start_enc_rsp_handler</a> from llc.obj(.text) referenced from llc.obj(.constdata)
 <LI><a href="#[70]">my_lld_data_ind_handler</a> from arch_patch.o(.text) referenced from arch_patch.o(.constdata)
 <LI><a href="#[88]">my_lld_stop_ind_handler</a> from llc.obj(.text) referenced from llc.obj(.constdata)
 <LI><a href="#[76]">my_smpc_check_param</a> from smpc.obj(.text) referenced from arch_patch.o(.constdata)
 <LI><a href="#[6b]">param_update_request_timer_cb</a> from user_all_in_one.o(.text) referenced from user_all_in_one.o(.text)
 <LI><a href="#[78]">patched_gapm_adv_op_sanity</a> from gapm_util.obj(.text) referenced from arch_patch.o(.constdata)
 <LI><a href="#[77]">patched_llc_con_update_ind</a> from llc_con_update_ind.obj(.text) referenced from arch_patch.o(.constdata)
 <LI><a href="#[47]">pll_vcocal_LUT_InitUpdate_func</a> from rom_symdef.txt(ABSOLUTE) referenced from jump_table.o(jump_table_mem_area)
 <LI><a href="#[34]">prf_cleanup_func</a> from prf_utils.o(.text) referenced from jump_table.o(jump_table_mem_area)
 <LI><a href="#[20]">prf_init_func</a> from prf_utils.o(.text) referenced from jump_table.o(jump_table_mem_area)
 <LI><a href="#[4d]">rf_calibration_func</a> from rom_symdef.txt(ABSOLUTE) referenced from jump_table.o(jump_table_mem_area)
 <LI><a href="#[60]">rf_force_agc_enable</a> from rf_580.o(.text) referenced from rf_580.o(.text)
 <LI><a href="#[1f]">rf_init_func</a> from rf_580.o(.text) referenced from jump_table.o(jump_table_mem_area)
 <LI><a href="#[5a]">rf_reg_rd</a> from rf_580.o(.text) referenced from rf_580.o(.text)
 <LI><a href="#[5b]">rf_reg_wr</a> from rf_580.o(.text) referenced from rf_580.o(.text)
 <LI><a href="#[2c]">rf_reinit_func</a> from rf_580.o(.text) referenced from jump_table.o(jump_table_mem_area)
 <LI><a href="#[5e]">rf_reset</a> from rf_580.o(.text) referenced from rf_580.o(.text)
 <LI><a href="#[61]">rf_rssi_convert</a> from rf_580.o(.text) referenced from rf_580.o(.text)
 <LI><a href="#[5d]">rf_sleep</a> from rf_580.o(.text) referenced from rf_580.o(.text)
 <LI><a href="#[5c]">rf_txpwr_dbm_get</a> from rf_580.o(.text) referenced from rf_580.o(.text)
 <LI><a href="#[33]">rwip_eif_get_func</a> from rom_symdef.txt(ABSOLUTE) referenced from jump_table.o(jump_table_mem_area)
 <LI><a href="#[44]">save_configure_restore_func</a> from rom_symdef.txt(ABSOLUTE) referenced from jump_table.o(jump_table_mem_area)
 <LI><a href="#[4f]">set_gauss_modgain_func</a> from rom_symdef.txt(ABSOLUTE) referenced from jump_table.o(jump_table_mem_area)
 <LI><a href="#[48]">set_rf_cal_cap_func</a> from rom_symdef.txt(ABSOLUTE) referenced from jump_table.o(jump_table_mem_area)
 <LI><a href="#[74]">smpc_check_pairing_feat</a> from smpc.obj(.text) referenced from arch_patch.o(.constdata)
 <LI><a href="#[75]">smpc_pairing_cfm_handler</a> from smpc_task.obj(.text) referenced from arch_patch.o(.constdata)
 <LI><a href="#[73]">smpc_send_pairing_req_ind</a> from smpc.obj(.text) referenced from arch_patch.o(.constdata)
 <LI><a href="#[b2]">spotar_create_db_cfm_handler</a> from app_spotar_task.o(.text) referenced from app_spotar_task.o(.constdata)
 <LI><a href="#[99]">spotar_create_db_req_handler</a> from spotar_task.o(.text) referenced from spotar_task.o(.constdata)
 <LI><a href="#[9a]">spotar_enable_req_handler</a> from spotar_task.o(.text) referenced from spotar_task.o(.constdata)
 <LI><a href="#[af]">spotar_gpio_map_ind_handler</a> from app_spotar_task.o(.text) referenced from app_spotar_task.o(.constdata)
 <LI><a href="#[9c]">spotar_mem_info_update_req_handler</a> from spotar_task.o(.text) referenced from spotar_task.o(.constdata)
 <LI><a href="#[b1]">spotar_patch_data_ind_handler</a> from app_spotar_task.o(.text) referenced from app_spotar_task.o(.constdata)
 <LI><a href="#[b0]">spotar_patch_len_ind_handler</a> from app_spotar_task.o(.text) referenced from app_spotar_task.o(.constdata)
 <LI><a href="#[ae]">spotar_patch_mem_dev_ind_handler</a> from app_spotar_task.o(.text) referenced from app_spotar_task.o(.constdata)
 <LI><a href="#[9d]">spotar_status_update_req_handler</a> from spotar_task.o(.text) referenced from spotar_task.o(.constdata)
 <LI><a href="#[63]">timer_canceled_handler</a> from app_easy_timer.o(.text) referenced from app_easy_timer.o(.text)
 <LI><a href="#[62]">timer_modified_handler</a> from app_easy_timer.o(.text) referenced from app_easy_timer.o(.text)
 <LI><a href="#[24]">uart_finish_transfers_func</a> from rom_symdef.txt(ABSOLUTE) referenced from jump_table.o(jump_table_mem_area)
 <LI><a href="#[23]">uart_flow_off_func</a> from arch_system.o(.text) referenced from jump_table.o(jump_table_mem_area)
 <LI><a href="#[22]">uart_flow_on_func</a> from rom_symdef.txt(ABSOLUTE) referenced from jump_table.o(jump_table_mem_area)
 <LI><a href="#[21]">uart_init_func</a> from rom_symdef.txt(ABSOLUTE) referenced from jump_table.o(jump_table_mem_area)
 <LI><a href="#[25]">uart_read_func</a> from rom_symdef.txt(ABSOLUTE) referenced from jump_table.o(jump_table_mem_area)
 <LI><a href="#[26]">uart_write_func</a> from rom_symdef.txt(ABSOLUTE) referenced from jump_table.o(jump_table_mem_area)
 <LI><a href="#[43]">update_LUT_func</a> from rom_symdef.txt(ABSOLUTE) referenced from jump_table.o(jump_table_mem_area)
 <LI><a href="#[3f]">update_calcap_max_channel_func</a> from rom_symdef.txt(ABSOLUTE) referenced from jump_table.o(jump_table_mem_area)
 <LI><a href="#[3e]">update_calcap_min_channel_func</a> from rom_symdef.txt(ABSOLUTE) referenced from jump_table.o(jump_table_mem_area)
 <LI><a href="#[45]">update_calcap_ranges_func</a> from rom_symdef.txt(ABSOLUTE) referenced from jump_table.o(jump_table_mem_area)
 <LI><a href="#[64]">user_app_adcval1_timer_cb_handler</a> from user_custs1_impl.o(.text) referenced 2 times from user_custs1_impl.o(.text)
 <LI><a href="#[66]">user_app_button_press_cb</a> from user_custs1_impl.o(.text) referenced from user_custs1_impl.o(.text)
 <LI><a href="#[65]">user_app_pwm_timer_cb_handler</a> from user_custs1_impl.o(.text) referenced from user_custs1_impl.o(.text)
 <LI><a href="#[a3]">user_catch_rest_hndl</a> from user_all_in_one.o(.text) referenced 2 times from app_task.o(.constdata)
 <LI><a href="#[37]">wrap_platform_reset</a> from arch_system.o(.text) referenced from jump_table.o(jump_table_mem_area)
 <LI><a href="#[41]">write_HW_LUT_func</a> from rom_symdef.txt(ABSOLUTE) referenced from jump_table.o(jump_table_mem_area)
 <LI><a href="#[40]">write_one_SW_LUT_entry_func</a> from rom_symdef.txt(ABSOLUTE) referenced from jump_table.o(jump_table_mem_area)
</UL>
<P>
<H3>
Global Symbols
</H3>
<P><STRONG><a name="[23f]"></a>exec_patching_spota</STRONG> (Thumb, 0 bytes, Stack size 0 bytes, rom_symdef.txt(ABSOLUTE), UNUSED)
<BR><BR>[Called By]<UL></UL>

<P><STRONG><a name="[1d4]"></a>get_patching_spota_length</STRONG> (Thumb, 0 bytes, Stack size 0 bytes, rom_symdef.txt(ABSOLUTE))
<BR><BR>[Called By]<UL><LI><a href="#[af]">&gt;&gt;</a>&nbsp;&nbsp;&nbsp;spotar_gpio_map_ind_handler (via Veneer)
<LI><a href="#[1d7]">&gt;&gt;</a>&nbsp;&nbsp;&nbsp;app_spotar_pd_hdlr (via Veneer)
<LI><a href="#[1d3]">&gt;&gt;</a>&nbsp;&nbsp;&nbsp;app_spotar_read_mem (via Veneer)
</UL>

<P><STRONG><a name="[e7]"></a>set_system_clocks</STRONG> (Thumb, 0 bytes, Stack size 0 bytes, rom_symdef.txt(ABSOLUTE))
<BR><BR>[Called By]<UL><LI><a href="#[c5]">&gt;&gt;</a>&nbsp;&nbsp;&nbsp;system_init (via Veneer)
</UL>

<P><STRONG><a name="[17c]"></a>rf_workaround_init</STRONG> (Thumb, 0 bytes, Stack size 0 bytes, rom_symdef.txt(ABSOLUTE))
<BR><BR>[Called By]<UL><LI><a href="#[a]">&gt;&gt;</a>&nbsp;&nbsp;&nbsp;BLE_SLP_Handler (via Veneer)
</UL>

<P><STRONG><a name="[21b]"></a>platform_reset</STRONG> (Thumb, 0 bytes, Stack size 0 bytes, rom_symdef.txt(ABSOLUTE))
<BR><BR>[Called By]<UL><LI><a href="#[1c8]">&gt;&gt;</a>&nbsp;&nbsp;&nbsp;user_app_disconnect (via Veneer)
</UL>

<P><STRONG><a name="[f7]"></a>platform_reset_func</STRONG> (Thumb, 0 bytes, Stack size 0 bytes, rom_symdef.txt(ABSOLUTE))
<BR><BR>[Called By]<UL><LI><a href="#[37]">&gt;&gt;</a>&nbsp;&nbsp;&nbsp;wrap_platform_reset (via Veneer)
</UL>

<P><STRONG><a name="[53]"></a>main</STRONG> (Thumb, 0 bytes, Stack size 0 bytes, rom_symdef.txt(ABSOLUTE), UNUSED)
<BR>[Address Reference Count : 1]<UL><LI> entry9a.o(.ARM.Collect$$$$0000000B)
</UL>
<P><STRONG><a name="[33]"></a>rwip_eif_get_func</STRONG> (Thumb, 0 bytes, Stack size 0 bytes, rom_symdef.txt(ABSOLUTE), UNUSED)
<BR>[Address Reference Count : 1]<UL><LI> jump_table.o(jump_table_mem_area)
</UL>
<P><STRONG><a name="[fc]"></a>co_buf_rx_free</STRONG> (Thumb, 0 bytes, Stack size 0 bytes, rom_symdef.txt(ABSOLUTE))
<BR><BR>[Called By]<UL><LI><a href="#[70]">&gt;&gt;</a>&nbsp;&nbsp;&nbsp;my_lld_data_ind_handler (via Veneer)
</UL>

<P><STRONG><a name="[124]"></a>co_list_push_back</STRONG> (Thumb, 0 bytes, Stack size 0 bytes, rom_symdef.txt(ABSOLUTE))
<BR><BR>[Called By]<UL><LI><a href="#[59]">&gt;&gt;</a>&nbsp;&nbsp;&nbsp;ke_task_schedule (via Veneer)
</UL>

<P><STRONG><a name="[121]"></a>co_list_pop_front</STRONG> (Thumb, 0 bytes, Stack size 0 bytes, rom_symdef.txt(ABSOLUTE))
<BR><BR>[Called By]<UL><LI><a href="#[59]">&gt;&gt;</a>&nbsp;&nbsp;&nbsp;ke_task_schedule (via Veneer)
</UL>

<P><STRONG><a name="[14a]"></a>llc_con_update_cmd_complete_send</STRONG> (Thumb, 0 bytes, Stack size 0 bytes, rom_symdef.txt(ABSOLUTE))
<BR><BR>[Called By]<UL><LI><a href="#[77]">&gt;&gt;</a>&nbsp;&nbsp;&nbsp;patched_llc_con_update_ind (via Veneer)
</UL>

<P><STRONG><a name="[137]"></a>llc_ltk_req_send</STRONG> (Thumb, 0 bytes, Stack size 0 bytes, rom_symdef.txt(ABSOLUTE))
<BR><BR>[Called By]<UL><LI><a href="#[135]">&gt;&gt;</a>&nbsp;&nbsp;&nbsp;my_llc_enc_req_ind (via Veneer)
</UL>

<P><STRONG><a name="[142]"></a>llc_common_enc_change_evt_send</STRONG> (Thumb, 0 bytes, Stack size 0 bytes, rom_symdef.txt(ABSOLUTE))
<BR><BR>[Called By]<UL><LI><a href="#[140]">&gt;&gt;</a>&nbsp;&nbsp;&nbsp;my_llc_start_enc_rsp_ind (via Veneer)
</UL>

<P><STRONG><a name="[134]"></a>llc_pdu_send</STRONG> (Thumb, 0 bytes, Stack size 0 bytes, rom_symdef.txt(ABSOLUTE))
<BR><BR>[Called By]<UL><LI><a href="#[132]">&gt;&gt;</a>&nbsp;&nbsp;&nbsp;my_llc_enc_rsp_pdu_send (via Veneer)
</UL>

<P><STRONG><a name="[141]"></a>llc_start_enc_rsp_pdu_send</STRONG> (Thumb, 0 bytes, Stack size 0 bytes, rom_symdef.txt(ABSOLUTE))
<BR><BR>[Called By]<UL><LI><a href="#[140]">&gt;&gt;</a>&nbsp;&nbsp;&nbsp;my_llc_start_enc_rsp_ind (via Veneer)
</UL>

<P><STRONG><a name="[13a]"></a>llc_reject_ind_pdu_send</STRONG> (Thumb, 0 bytes, Stack size 0 bytes, rom_symdef.txt(ABSOLUTE))
<BR><BR>[Called By]<UL><LI><a href="#[135]">&gt;&gt;</a>&nbsp;&nbsp;&nbsp;my_llc_enc_req_ind (via Veneer)
</UL>

<P><STRONG><a name="[138]"></a>llc_terminate_ind_pdu_send</STRONG> (Thumb, 0 bytes, Stack size 0 bytes, rom_symdef.txt(ABSOLUTE))
<BR><BR>[Called By]<UL><LI><a href="#[135]">&gt;&gt;</a>&nbsp;&nbsp;&nbsp;my_llc_enc_req_ind (via Veneer)
</UL>

<P><STRONG><a name="[13c]"></a>llc_le_con_update_cmd_handler</STRONG> (Thumb, 0 bytes, Stack size 0 bytes, rom_symdef.txt(ABSOLUTE))
<BR><BR>[Called By]<UL><LI><a href="#[80]">&gt;&gt;</a>&nbsp;&nbsp;&nbsp;my_llc_le_con_update_cmd_handler (via Veneer)
</UL>

<P><STRONG><a name="[144]"></a>llc_link_sup_to_ind_handler</STRONG> (Thumb, 0 bytes, Stack size 0 bytes, rom_symdef.txt(ABSOLUTE))
<BR><BR>[Called By]<UL><LI><a href="#[82]">&gt;&gt;</a>&nbsp;&nbsp;&nbsp;my_llc_link_sup_to_ind_handler (via Veneer)
</UL>

<P><STRONG><a name="[143]"></a>llc_llcp_rsp_to_ind_handler</STRONG> (Thumb, 0 bytes, Stack size 0 bytes, rom_symdef.txt(ABSOLUTE))
<BR><BR>[Called By]<UL><LI><a href="#[83]">&gt;&gt;</a>&nbsp;&nbsp;&nbsp;my_llc_llcp_rsp_to_ind_handler (via Veneer)
</UL>

<P><STRONG><a name="[89]"></a>lld_data_ind_handler</STRONG> (Thumb, 0 bytes, Stack size 0 bytes, rom_symdef.txt(ABSOLUTE), UNUSED)
<BR>[Address Reference Count : 1]<UL><LI> llc.obj(.constdata)
</UL>
<P><STRONG><a name="[13f]"></a>lld_stop_ind_handler</STRONG> (Thumb, 0 bytes, Stack size 0 bytes, rom_symdef.txt(ABSOLUTE))
<BR><BR>[Called By]<UL><LI><a href="#[88]">&gt;&gt;</a>&nbsp;&nbsp;&nbsp;my_lld_stop_ind_handler (via Veneer)
</UL>

<P><STRONG><a name="[11b]"></a>llc_util_dicon_procedure</STRONG> (Thumb, 0 bytes, Stack size 0 bytes, rom_symdef.txt(ABSOLUTE))
<BR><BR>[Called By]<UL><LI><a href="#[84]">&gt;&gt;</a>&nbsp;&nbsp;&nbsp;my_llcp_con_up_req_handler (via Veneer)
<LI><a href="#[85]">&gt;&gt;</a>&nbsp;&nbsp;&nbsp;my_llcp_channel_map_req_handler (via Veneer)
<LI><a href="#[87]">&gt;&gt;</a>&nbsp;&nbsp;&nbsp;my_llcp_start_enc_rsp_handler (via Veneer)
<LI><a href="#[81]">&gt;&gt;</a>&nbsp;&nbsp;&nbsp;my_llc_llcp_tx_cfm_handler (via Veneer)
<LI><a href="#[86]">&gt;&gt;</a>&nbsp;&nbsp;&nbsp;my_llcp_enc_req_handler (via Veneer)
<LI><a href="#[11c]">&gt;&gt;</a>&nbsp;&nbsp;&nbsp;my_llc_ch_map_req_ind (via Veneer)
<LI><a href="#[119]">&gt;&gt;</a>&nbsp;&nbsp;&nbsp;my_llc_con_update_req_ind (via Veneer)
</UL>

<P><STRONG><a name="[36]"></a>enable_BLE_core_irq_func</STRONG> (Thumb, 0 bytes, Stack size 0 bytes, rom_symdef.txt(ABSOLUTE), UNUSED)
<BR>[Address Reference Count : 1]<UL><LI> jump_table.o(jump_table_mem_area)
</UL>
<P><STRONG><a name="[35]"></a>lld_init_func</STRONG> (Thumb, 0 bytes, Stack size 0 bytes, rom_symdef.txt(ABSOLUTE), UNUSED)
<BR>[Address Reference Count : 1]<UL><LI> jump_table.o(jump_table_mem_area)
</UL>
<P><STRONG><a name="[11d]"></a>lld_ch_map_ind</STRONG> (Thumb, 0 bytes, Stack size 0 bytes, rom_symdef.txt(ABSOLUTE))
<BR><BR>[Called By]<UL><LI><a href="#[11c]">&gt;&gt;</a>&nbsp;&nbsp;&nbsp;my_llc_ch_map_req_ind (via Veneer)
</UL>

<P><STRONG><a name="[11a]"></a>lld_con_update_ind</STRONG> (Thumb, 0 bytes, Stack size 0 bytes, rom_symdef.txt(ABSOLUTE))
<BR><BR>[Called By]<UL><LI><a href="#[119]">&gt;&gt;</a>&nbsp;&nbsp;&nbsp;my_llc_con_update_req_ind (via Veneer)
</UL>

<P><STRONG><a name="[50]"></a>lld_test_stop_func</STRONG> (Thumb, 0 bytes, Stack size 0 bytes, rom_symdef.txt(ABSOLUTE), UNUSED)
<BR>[Address Reference Count : 1]<UL><LI> jump_table.o(jump_table_mem_area)
</UL>
<P><STRONG><a name="[51]"></a>lld_test_mode_tx_func</STRONG> (Thumb, 0 bytes, Stack size 0 bytes, rom_symdef.txt(ABSOLUTE), UNUSED)
<BR>[Address Reference Count : 1]<UL><LI> jump_table.o(jump_table_mem_area)
</UL>
<P><STRONG><a name="[52]"></a>lld_test_mode_rx_func</STRONG> (Thumb, 0 bytes, Stack size 0 bytes, rom_symdef.txt(ABSOLUTE), UNUSED)
<BR>[Address Reference Count : 1]<UL><LI> jump_table.o(jump_table_mem_area)
</UL>
<P><STRONG><a name="[13d]"></a>lld_evt_int_extract</STRONG> (Thumb, 0 bytes, Stack size 0 bytes, rom_symdef.txt(ABSOLUTE))
<BR><BR>[Called By]<UL><LI><a href="#[88]">&gt;&gt;</a>&nbsp;&nbsp;&nbsp;my_lld_stop_ind_handler (via Veneer)
</UL>

<P><STRONG><a name="[2d]"></a>lld_evt_init_func</STRONG> (Thumb, 0 bytes, Stack size 0 bytes, rom_symdef.txt(ABSOLUTE), UNUSED)
<BR>[Address Reference Count : 1]<UL><LI> jump_table.o(jump_table_mem_area)
</UL>
<P><STRONG><a name="[185]"></a>lld_evt_start_isr</STRONG> (Thumb, 0 bytes, Stack size 0 bytes, rom_symdef.txt(ABSOLUTE))
<BR><BR>[Called By]<UL><LI><a href="#[17f]">&gt;&gt;</a>&nbsp;&nbsp;&nbsp;ble_start (via Veneer)
</UL>

<P><STRONG><a name="[182]"></a>lld_evt_end_isr</STRONG> (Thumb, 0 bytes, Stack size 0 bytes, rom_symdef.txt(ABSOLUTE))
<BR><BR>[Called By]<UL><LI><a href="#[d]">&gt;&gt;</a>&nbsp;&nbsp;&nbsp;BLE_EVENT_Handler (via Veneer)
</UL>

<P><STRONG><a name="[181]"></a>lld_evt_rx_isr</STRONG> (Thumb, 0 bytes, Stack size 0 bytes, rom_symdef.txt(ABSOLUTE))
<BR><BR>[Called By]<UL><LI><a href="#[c]">&gt;&gt;</a>&nbsp;&nbsp;&nbsp;BLE_RX_Handler (via Veneer)
</UL>

<P><STRONG><a name="[18a]"></a>lld_sleep_enter</STRONG> (Thumb, 0 bytes, Stack size 0 bytes, rom_symdef.txt(ABSOLUTE))
<BR><BR>[Called By]<UL><LI><a href="#[cc]">&gt;&gt;</a>&nbsp;&nbsp;&nbsp;rwip_sleep (via Veneer)
</UL>

<P><STRONG><a name="[c7]"></a>lld_sleep_check</STRONG> (Thumb, 0 bytes, Stack size 0 bytes, rom_symdef.txt(ABSOLUTE))
<BR><BR>[Called By]<UL><LI><a href="#[cc]">&gt;&gt;</a>&nbsp;&nbsp;&nbsp;rwip_sleep (via Veneer)
<LI><a href="#[1e]">&gt;&gt;</a>&nbsp;&nbsp;&nbsp;main_func (via Veneer)
</UL>

<P><STRONG><a name="[31]"></a>llm_encryption_done_func</STRONG> (Thumb, 0 bytes, Stack size 0 bytes, rom_symdef.txt(ABSOLUTE), UNUSED)
<BR>[Address Reference Count : 1]<UL><LI> jump_table.o(jump_table_mem_area)
</UL>
<P><STRONG><a name="[fb]"></a>TASK_LLM_lld_data_ind_handler</STRONG> (Thumb, 0 bytes, Stack size 0 bytes, rom_symdef.txt(ABSOLUTE))
<BR><BR>[Called By]<UL><LI><a href="#[70]">&gt;&gt;</a>&nbsp;&nbsp;&nbsp;my_lld_data_ind_handler (via Veneer)
</UL>

<P><STRONG><a name="[13b]"></a>llm_util_get_role</STRONG> (Thumb, 0 bytes, Stack size 0 bytes, rom_symdef.txt(ABSOLUTE))
<BR><BR>[Called By]<UL><LI><a href="#[140]">&gt;&gt;</a>&nbsp;&nbsp;&nbsp;my_llc_start_enc_rsp_ind (via Veneer)
<LI><a href="#[84]">&gt;&gt;</a>&nbsp;&nbsp;&nbsp;my_llcp_con_up_req_handler (via Veneer)
<LI><a href="#[85]">&gt;&gt;</a>&nbsp;&nbsp;&nbsp;my_llcp_channel_map_req_handler (via Veneer)
<LI><a href="#[86]">&gt;&gt;</a>&nbsp;&nbsp;&nbsp;my_llcp_enc_req_handler (via Veneer)
<LI><a href="#[77]">&gt;&gt;</a>&nbsp;&nbsp;&nbsp;patched_llc_con_update_ind (via Veneer)
</UL>

<P><STRONG><a name="[136]"></a>llm_util_check_evt_mask</STRONG> (Thumb, 0 bytes, Stack size 0 bytes, rom_symdef.txt(ABSOLUTE))
<BR><BR>[Called By]<UL><LI><a href="#[135]">&gt;&gt;</a>&nbsp;&nbsp;&nbsp;my_llc_enc_req_ind (via Veneer)
<LI><a href="#[77]">&gt;&gt;</a>&nbsp;&nbsp;&nbsp;patched_llc_con_update_ind (via Veneer)
</UL>

<P><STRONG><a name="[21]"></a>uart_init_func</STRONG> (Thumb, 0 bytes, Stack size 0 bytes, rom_symdef.txt(ABSOLUTE), UNUSED)
<BR>[Address Reference Count : 1]<UL><LI> jump_table.o(jump_table_mem_area)
</UL>
<P><STRONG><a name="[e3]"></a>uart_flow_on</STRONG> (Thumb, 0 bytes, Stack size 0 bytes, rom_symdef.txt(ABSOLUTE))
<BR><BR>[Called By]<UL><LI><a href="#[23]">&gt;&gt;</a>&nbsp;&nbsp;&nbsp;uart_flow_off_func (via Veneer)
</UL>

<P><STRONG><a name="[22]"></a>uart_flow_on_func</STRONG> (Thumb, 0 bytes, Stack size 0 bytes, rom_symdef.txt(ABSOLUTE), UNUSED)
<BR>[Address Reference Count : 1]<UL><LI> jump_table.o(jump_table_mem_area)
</UL>
<P><STRONG><a name="[24]"></a>uart_finish_transfers_func</STRONG> (Thumb, 0 bytes, Stack size 0 bytes, rom_symdef.txt(ABSOLUTE), UNUSED)
<BR>[Address Reference Count : 1]<UL><LI> jump_table.o(jump_table_mem_area)
</UL>
<P><STRONG><a name="[25]"></a>uart_read_func</STRONG> (Thumb, 0 bytes, Stack size 0 bytes, rom_symdef.txt(ABSOLUTE), UNUSED)
<BR>[Address Reference Count : 1]<UL><LI> jump_table.o(jump_table_mem_area)
</UL>
<P><STRONG><a name="[26]"></a>uart_write_func</STRONG> (Thumb, 0 bytes, Stack size 0 bytes, rom_symdef.txt(ABSOLUTE), UNUSED)
<BR>[Address Reference Count : 1]<UL><LI> jump_table.o(jump_table_mem_area)
</UL>
<P><STRONG><a name="[12]"></a>UART_Handler</STRONG> (Thumb, 0 bytes, Stack size 0 bytes, rom_symdef.txt(ABSOLUTE), UNUSED)
<BR>[Address Reference Count : 1]<UL><LI> boot_vectors.o(RESET)
</UL>
<P><STRONG><a name="[27]"></a>UART_Handler_func</STRONG> (Thumb, 0 bytes, Stack size 0 bytes, rom_symdef.txt(ABSOLUTE), UNUSED)
<BR>[Address Reference Count : 1]<UL><LI> jump_table.o(jump_table_mem_area)
</UL>
<P><STRONG><a name="[3b]"></a>GPADC_init_func</STRONG> (Thumb, 0 bytes, Stack size 0 bytes, rom_symdef.txt(ABSOLUTE), UNUSED)
<BR>[Address Reference Count : 1]<UL><LI> jump_table.o(jump_table_mem_area)
</UL>
<P><STRONG><a name="[3c]"></a>meas_precharge_freq_func</STRONG> (Thumb, 0 bytes, Stack size 0 bytes, rom_symdef.txt(ABSOLUTE), UNUSED)
<BR>[Address Reference Count : 1]<UL><LI> jump_table.o(jump_table_mem_area)
</UL>
<P><STRONG><a name="[3d]"></a>check_pll_lock_func</STRONG> (Thumb, 0 bytes, Stack size 0 bytes, rom_symdef.txt(ABSOLUTE), UNUSED)
<BR>[Address Reference Count : 1]<UL><LI> jump_table.o(jump_table_mem_area)
</UL>
<P><STRONG><a name="[3e]"></a>update_calcap_min_channel_func</STRONG> (Thumb, 0 bytes, Stack size 0 bytes, rom_symdef.txt(ABSOLUTE), UNUSED)
<BR>[Address Reference Count : 1]<UL><LI> jump_table.o(jump_table_mem_area)
</UL>
<P><STRONG><a name="[3f]"></a>update_calcap_max_channel_func</STRONG> (Thumb, 0 bytes, Stack size 0 bytes, rom_symdef.txt(ABSOLUTE), UNUSED)
<BR>[Address Reference Count : 1]<UL><LI> jump_table.o(jump_table_mem_area)
</UL>
<P><STRONG><a name="[40]"></a>write_one_SW_LUT_entry_func</STRONG> (Thumb, 0 bytes, Stack size 0 bytes, rom_symdef.txt(ABSOLUTE), UNUSED)
<BR>[Address Reference Count : 1]<UL><LI> jump_table.o(jump_table_mem_area)
</UL>
<P><STRONG><a name="[41]"></a>write_HW_LUT_func</STRONG> (Thumb, 0 bytes, Stack size 0 bytes, rom_symdef.txt(ABSOLUTE), UNUSED)
<BR>[Address Reference Count : 1]<UL><LI> jump_table.o(jump_table_mem_area)
</UL>
<P><STRONG><a name="[42]"></a>clear_HW_LUT_func</STRONG> (Thumb, 0 bytes, Stack size 0 bytes, rom_symdef.txt(ABSOLUTE), UNUSED)
<BR>[Address Reference Count : 1]<UL><LI> jump_table.o(jump_table_mem_area)
</UL>
<P><STRONG><a name="[43]"></a>update_LUT_func</STRONG> (Thumb, 0 bytes, Stack size 0 bytes, rom_symdef.txt(ABSOLUTE), UNUSED)
<BR>[Address Reference Count : 1]<UL><LI> jump_table.o(jump_table_mem_area)
</UL>
<P><STRONG><a name="[44]"></a>save_configure_restore_func</STRONG> (Thumb, 0 bytes, Stack size 0 bytes, rom_symdef.txt(ABSOLUTE), UNUSED)
<BR>[Address Reference Count : 1]<UL><LI> jump_table.o(jump_table_mem_area)
</UL>
<P><STRONG><a name="[45]"></a>update_calcap_ranges_func</STRONG> (Thumb, 0 bytes, Stack size 0 bytes, rom_symdef.txt(ABSOLUTE), UNUSED)
<BR>[Address Reference Count : 1]<UL><LI> jump_table.o(jump_table_mem_area)
</UL>
<P><STRONG><a name="[46]"></a>find_initial_calcap_ranges_func</STRONG> (Thumb, 0 bytes, Stack size 0 bytes, rom_symdef.txt(ABSOLUTE), UNUSED)
<BR>[Address Reference Count : 1]<UL><LI> jump_table.o(jump_table_mem_area)
</UL>
<P><STRONG><a name="[de]"></a>pll_vcocal_LUT_InitUpdate</STRONG> (Thumb, 0 bytes, Stack size 0 bytes, rom_symdef.txt(ABSOLUTE))
<BR><BR>[Called By]<UL><LI><a href="#[1f]">&gt;&gt;</a>&nbsp;&nbsp;&nbsp;rf_init_func (via Veneer)
<LI><a href="#[c8]">&gt;&gt;</a>&nbsp;&nbsp;&nbsp;conditionally_run_radio_cals (via Veneer)
</UL>

<P><STRONG><a name="[47]"></a>pll_vcocal_LUT_InitUpdate_func</STRONG> (Thumb, 0 bytes, Stack size 0 bytes, rom_symdef.txt(ABSOLUTE), UNUSED)
<BR>[Address Reference Count : 1]<UL><LI> jump_table.o(jump_table_mem_area)
</UL>
<P><STRONG><a name="[183]"></a>set_rf_cal_cap</STRONG> (Thumb, 0 bytes, Stack size 0 bytes, rom_symdef.txt(ABSOLUTE))
<BR><BR>[Called By]<UL><LI><a href="#[10]">&gt;&gt;</a>&nbsp;&nbsp;&nbsp;BLE_RF_DIAG_Handler (via Veneer)
</UL>

<P><STRONG><a name="[48]"></a>set_rf_cal_cap_func</STRONG> (Thumb, 0 bytes, Stack size 0 bytes, rom_symdef.txt(ABSOLUTE), UNUSED)
<BR>[Address Reference Count : 1]<UL><LI> jump_table.o(jump_table_mem_area)
</UL>
<P><STRONG><a name="[4a]"></a>modulationGainCalibration_func</STRONG> (Thumb, 0 bytes, Stack size 0 bytes, rom_symdef.txt(ABSOLUTE), UNUSED)
<BR>[Address Reference Count : 1]<UL><LI> jump_table.o(jump_table_mem_area)
</UL>
<P><STRONG><a name="[160]"></a>DCoffsetCalibration</STRONG> (Thumb, 0 bytes, Stack size 0 bytes, rom_symdef.txt(ABSOLUTE))
<BR><BR>[Called By]<UL><LI><a href="#[15d]">&gt;&gt;</a>&nbsp;&nbsp;&nbsp;rfpt_init (via Veneer)
</UL>

<P><STRONG><a name="[4b]"></a>DCoffsetCalibration_func</STRONG> (Thumb, 0 bytes, Stack size 0 bytes, rom_symdef.txt(ABSOLUTE), UNUSED)
<BR>[Address Reference Count : 1]<UL><LI> jump_table.o(jump_table_mem_area)
</UL>
<P><STRONG><a name="[15f]"></a>IffCalibration</STRONG> (Thumb, 0 bytes, Stack size 0 bytes, rom_symdef.txt(ABSOLUTE))
<BR><BR>[Called By]<UL><LI><a href="#[15d]">&gt;&gt;</a>&nbsp;&nbsp;&nbsp;rfpt_init (via Veneer)
</UL>

<P><STRONG><a name="[4c]"></a>IffCalibration_func</STRONG> (Thumb, 0 bytes, Stack size 0 bytes, rom_symdef.txt(ABSOLUTE), UNUSED)
<BR>[Address Reference Count : 1]<UL><LI> jump_table.o(jump_table_mem_area)
</UL>
<P><STRONG><a name="[df]"></a>rf_calibration</STRONG> (Thumb, 0 bytes, Stack size 0 bytes, rom_symdef.txt(ABSOLUTE))
<BR><BR>[Called By]<UL><LI><a href="#[1f]">&gt;&gt;</a>&nbsp;&nbsp;&nbsp;rf_init_func (via Veneer)
<LI><a href="#[c8]">&gt;&gt;</a>&nbsp;&nbsp;&nbsp;conditionally_run_radio_cals (via Veneer)
</UL>

<P><STRONG><a name="[4d]"></a>rf_calibration_func</STRONG> (Thumb, 0 bytes, Stack size 0 bytes, rom_symdef.txt(ABSOLUTE), UNUSED)
<BR>[Address Reference Count : 1]<UL><LI> jump_table.o(jump_table_mem_area)
</UL>
<P><STRONG><a name="[dd]"></a>get_rc16m_count</STRONG> (Thumb, 0 bytes, Stack size 0 bytes, rom_symdef.txt(ABSOLUTE))
<BR><BR>[Called By]<UL><LI><a href="#[1f]">&gt;&gt;</a>&nbsp;&nbsp;&nbsp;rf_init_func (via Veneer)
<LI><a href="#[c8]">&gt;&gt;</a>&nbsp;&nbsp;&nbsp;conditionally_run_radio_cals (via Veneer)
</UL>

<P><STRONG><a name="[dc]"></a>$Super$$get_rc16m_count_func</STRONG> (Thumb, 0 bytes, Stack size 0 bytes, rom_symdef.txt(ABSOLUTE))
<BR><BR>[Called By]<UL><LI><a href="#[4e]">&gt;&gt;</a>&nbsp;&nbsp;&nbsp;get_rc16m_count_func (via Veneer)
</UL>

<P><STRONG><a name="[184]"></a>set_gauss_modgain</STRONG> (Thumb, 0 bytes, Stack size 0 bytes, rom_symdef.txt(ABSOLUTE))
<BR><BR>[Called By]<UL><LI><a href="#[10]">&gt;&gt;</a>&nbsp;&nbsp;&nbsp;BLE_RF_DIAG_Handler (via Veneer)
</UL>

<P><STRONG><a name="[4f]"></a>set_gauss_modgain_func</STRONG> (Thumb, 0 bytes, Stack size 0 bytes, rom_symdef.txt(ABSOLUTE), UNUSED)
<BR>[Address Reference Count : 1]<UL><LI> jump_table.o(jump_table_mem_area)
</UL>
<P><STRONG><a name="[f6]"></a>enable_rf_diag_irq</STRONG> (Thumb, 0 bytes, Stack size 0 bytes, rom_symdef.txt(ABSOLUTE))
<BR><BR>[Called By]<UL><LI><a href="#[2c]">&gt;&gt;</a>&nbsp;&nbsp;&nbsp;rf_reinit_func (via Veneer)
<LI><a href="#[c5]">&gt;&gt;</a>&nbsp;&nbsp;&nbsp;system_init (via Veneer)
</UL>

<P><STRONG><a name="[49]"></a>enable_rf_diag_irq_func</STRONG> (Thumb, 0 bytes, Stack size 0 bytes, rom_symdef.txt(ABSOLUTE), UNUSED)
<BR>[Address Reference Count : 1]<UL><LI> jump_table.o(jump_table_mem_area)
</UL>
<P><STRONG><a name="[38]"></a>gtl_hci_rx_header_func</STRONG> (Thumb, 0 bytes, Stack size 0 bytes, rom_symdef.txt(ABSOLUTE), UNUSED)
<BR>[Address Reference Count : 1]<UL><LI> jump_table.o(jump_table_mem_area)
</UL>
<P><STRONG><a name="[39]"></a>gtl_hci_rx_payload_func</STRONG> (Thumb, 0 bytes, Stack size 0 bytes, rom_symdef.txt(ABSOLUTE), UNUSED)
<BR>[Address Reference Count : 1]<UL><LI> jump_table.o(jump_table_mem_area)
</UL>
<P><STRONG><a name="[3a]"></a>gtl_hci_tx_evt_func</STRONG> (Thumb, 0 bytes, Stack size 0 bytes, rom_symdef.txt(ABSOLUTE), UNUSED)
<BR>[Address Reference Count : 1]<UL><LI> jump_table.o(jump_table_mem_area)
</UL>
<P><STRONG><a name="[2e]"></a>gtl_eif_init_func</STRONG> (Thumb, 0 bytes, Stack size 0 bytes, rom_symdef.txt(ABSOLUTE), UNUSED)
<BR>[Address Reference Count : 1]<UL><LI> jump_table.o(jump_table_mem_area)
</UL>
<P><STRONG><a name="[18e]"></a>attmdb_add_service</STRONG> (Thumb, 0 bytes, Stack size 0 bytes, rom_symdef.txt(ABSOLUTE))
<BR><BR>[Called By]<UL><LI><a href="#[99]">&gt;&gt;</a>&nbsp;&nbsp;&nbsp;spotar_create_db_req_handler (via Veneer)
<LI><a href="#[18d]">&gt;&gt;</a>&nbsp;&nbsp;&nbsp;attm_svc_create_db_128 (via Veneer)
</UL>

<P><STRONG><a name="[117]"></a>attmdb_get_service</STRONG> (Thumb, 0 bytes, Stack size 0 bytes, rom_symdef.txt(ABSOLUTE))
<BR><BR>[Called By]<UL><LI><a href="#[6e]">&gt;&gt;</a>&nbsp;&nbsp;&nbsp;atts_read_resp_patch (via Veneer)
<LI><a href="#[1a2]">&gt;&gt;</a>&nbsp;&nbsp;&nbsp;get_value_handle (via Veneer)
<LI><a href="#[1a8]">&gt;&gt;</a>&nbsp;&nbsp;&nbsp;get_cfg_handle (via Veneer)
</UL>

<P><STRONG><a name="[18f]"></a>attmdb_add_attribute</STRONG> (Thumb, 0 bytes, Stack size 0 bytes, rom_symdef.txt(ABSOLUTE))
<BR><BR>[Called By]<UL><LI><a href="#[99]">&gt;&gt;</a>&nbsp;&nbsp;&nbsp;spotar_create_db_req_handler (via Veneer)
<LI><a href="#[18d]">&gt;&gt;</a>&nbsp;&nbsp;&nbsp;attm_svc_create_db_128 (via Veneer)
</UL>

<P><STRONG><a name="[111]"></a>attmdb_get_attribute</STRONG> (Thumb, 0 bytes, Stack size 0 bytes, rom_symdef.txt(ABSOLUTE))
<BR><BR>[Called By]<UL><LI><a href="#[110]">&gt;&gt;</a>&nbsp;&nbsp;&nbsp;dg_atts_read_cfm (via Veneer)
</UL>

<P><STRONG><a name="[1a5]"></a>attmdb_att_update_value</STRONG> (Thumb, 0 bytes, Stack size 0 bytes, rom_symdef.txt(ABSOLUTE))
<BR><BR>[Called By]<UL><LI><a href="#[93]">&gt;&gt;</a>&nbsp;&nbsp;&nbsp;gattc_write_cmd_ind_handler (via Veneer)
</UL>

<P><STRONG><a name="[190]"></a>attmdb_att_set_value</STRONG> (Thumb, 0 bytes, Stack size 0 bytes, rom_symdef.txt(ABSOLUTE))
<BR><BR>[Called By]<UL><LI><a href="#[9b]">&gt;&gt;</a>&nbsp;&nbsp;&nbsp;gattc_write_cmd_ind_handler (via Veneer)
<LI><a href="#[9a]">&gt;&gt;</a>&nbsp;&nbsp;&nbsp;spotar_enable_req_handler (via Veneer)
<LI><a href="#[9c]">&gt;&gt;</a>&nbsp;&nbsp;&nbsp;spotar_mem_info_update_req_handler (via Veneer)
<LI><a href="#[9d]">&gt;&gt;</a>&nbsp;&nbsp;&nbsp;spotar_status_update_req_handler (via Veneer)
<LI><a href="#[99]">&gt;&gt;</a>&nbsp;&nbsp;&nbsp;spotar_create_db_req_handler (via Veneer)
<LI><a href="#[97]">&gt;&gt;</a>&nbsp;&nbsp;&nbsp;custs1_val_ind_req_handler (via Veneer)
<LI><a href="#[95]">&gt;&gt;</a>&nbsp;&nbsp;&nbsp;custs1_val_ntf_req_handler (via Veneer)
<LI><a href="#[96]">&gt;&gt;</a>&nbsp;&nbsp;&nbsp;custs1_val_set_req_handler (via Veneer)
<LI><a href="#[93]">&gt;&gt;</a>&nbsp;&nbsp;&nbsp;gattc_write_cmd_ind_handler (via Veneer)
<LI><a href="#[8e]">&gt;&gt;</a>&nbsp;&nbsp;&nbsp;diss_set_char_val_req_handler (via Veneer)
<LI><a href="#[18d]">&gt;&gt;</a>&nbsp;&nbsp;&nbsp;attm_svc_create_db_128 (via Veneer)
</UL>

<P><STRONG><a name="[191]"></a>attmdb_att_partial_value_update</STRONG> (Thumb, 0 bytes, Stack size 0 bytes, rom_symdef.txt(ABSOLUTE))
<BR><BR>[Called By]<UL><LI><a href="#[20]">&gt;&gt;</a>&nbsp;&nbsp;&nbsp;prf_init_func (via Veneer)
<LI><a href="#[18d]">&gt;&gt;</a>&nbsp;&nbsp;&nbsp;attm_svc_create_db_128 (via Veneer)
</UL>

<P><STRONG><a name="[1a6]"></a>attmdb_att_get_value</STRONG> (Thumb, 0 bytes, Stack size 0 bytes, rom_symdef.txt(ABSOLUTE))
<BR><BR>[Called By]<UL><LI><a href="#[9d]">&gt;&gt;</a>&nbsp;&nbsp;&nbsp;spotar_status_update_req_handler (via Veneer)
<LI><a href="#[97]">&gt;&gt;</a>&nbsp;&nbsp;&nbsp;custs1_val_ind_req_handler (via Veneer)
<LI><a href="#[95]">&gt;&gt;</a>&nbsp;&nbsp;&nbsp;custs1_val_ntf_req_handler (via Veneer)
<LI><a href="#[93]">&gt;&gt;</a>&nbsp;&nbsp;&nbsp;gattc_write_cmd_ind_handler (via Veneer)
</UL>

<P><STRONG><a name="[1a1]"></a>attmdb_att_get_uuid</STRONG> (Thumb, 0 bytes, Stack size 0 bytes, rom_symdef.txt(ABSOLUTE))
<BR><BR>[Called By]<UL><LI><a href="#[1a2]">&gt;&gt;</a>&nbsp;&nbsp;&nbsp;get_value_handle (via Veneer)
<LI><a href="#[1a8]">&gt;&gt;</a>&nbsp;&nbsp;&nbsp;get_cfg_handle (via Veneer)
<LI><a href="#[93]">&gt;&gt;</a>&nbsp;&nbsp;&nbsp;gattc_write_cmd_ind_handler (via Veneer)
</UL>

<P><STRONG><a name="[19e]"></a>attmdb_att_set_permission</STRONG> (Thumb, 0 bytes, Stack size 0 bytes, rom_symdef.txt(ABSOLUTE))
<BR><BR>[Called By]<UL><LI><a href="#[20]">&gt;&gt;</a>&nbsp;&nbsp;&nbsp;prf_init_func (via Veneer)
</UL>

<P><STRONG><a name="[1a3]"></a>attmdb_att_get_permission</STRONG> (Thumb, 0 bytes, Stack size 0 bytes, rom_symdef.txt(ABSOLUTE))
<BR><BR>[Called By]<UL><LI><a href="#[93]">&gt;&gt;</a>&nbsp;&nbsp;&nbsp;gattc_write_cmd_ind_handler (via Veneer)
</UL>

<P><STRONG><a name="[196]"></a>attmdb_svc_set_permission</STRONG> (Thumb, 0 bytes, Stack size 0 bytes, rom_symdef.txt(ABSOLUTE))
<BR><BR>[Called By]<UL><LI><a href="#[9a]">&gt;&gt;</a>&nbsp;&nbsp;&nbsp;spotar_enable_req_handler (via Veneer)
<LI><a href="#[99]">&gt;&gt;</a>&nbsp;&nbsp;&nbsp;spotar_create_db_req_handler (via Veneer)
<LI><a href="#[1a9]">&gt;&gt;</a>&nbsp;&nbsp;&nbsp;spotar_disable (via Veneer)
<LI><a href="#[92]">&gt;&gt;</a>&nbsp;&nbsp;&nbsp;custs1_enable_req_handler (via Veneer)
<LI><a href="#[91]">&gt;&gt;</a>&nbsp;&nbsp;&nbsp;custs1_create_db_req_handler (via Veneer)
<LI><a href="#[1a0]">&gt;&gt;</a>&nbsp;&nbsp;&nbsp;custs1_disable (via Veneer)
<LI><a href="#[8f]">&gt;&gt;</a>&nbsp;&nbsp;&nbsp;diss_enable_req_handler (via Veneer)
<LI><a href="#[8d]">&gt;&gt;</a>&nbsp;&nbsp;&nbsp;diss_create_db_req_handler (via Veneer)
<LI><a href="#[195]">&gt;&gt;</a>&nbsp;&nbsp;&nbsp;diss_disable (via Veneer)
</UL>

<P><STRONG><a name="[198]"></a>attm_svc_create_db</STRONG> (Thumb, 0 bytes, Stack size 0 bytes, rom_symdef.txt(ABSOLUTE))
<BR><BR>[Called By]<UL><LI><a href="#[8d]">&gt;&gt;</a>&nbsp;&nbsp;&nbsp;diss_create_db_req_handler (via Veneer)
</UL>

<P><STRONG><a name="[7d]"></a>TASK_ATTS_atts_rtx_ind_handler</STRONG> (Thumb, 0 bytes, Stack size 0 bytes, rom_symdef.txt(ABSOLUTE), UNUSED)
<BR>[Address Reference Count : 1]<UL><LI> atts_task.obj(.constdata)
</UL>
<P><STRONG><a name="[7a]"></a>TASK_ATTS_atts_send_event_cmd_handler</STRONG> (Thumb, 0 bytes, Stack size 0 bytes, rom_symdef.txt(ABSOLUTE), UNUSED)
<BR>[Address Reference Count : 1]<UL><LI> atts_task.obj(.constdata)
</UL>
<P><STRONG><a name="[7c]"></a>TASK_ATTS_smpc_cmp_evt_handler</STRONG> (Thumb, 0 bytes, Stack size 0 bytes, rom_symdef.txt(ABSOLUTE), UNUSED)
<BR>[Address Reference Count : 1]<UL><LI> atts_task.obj(.constdata)
</UL>
<P><STRONG><a name="[7b]"></a>TASK_ATTS_smpc_sign_ind_handler</STRONG> (Thumb, 0 bytes, Stack size 0 bytes, rom_symdef.txt(ABSOLUTE), UNUSED)
<BR>[Address Reference Count : 1]<UL><LI> atts_task.obj(.constdata)
</UL>
<P><STRONG><a name="[7e]"></a>TASK_ATTS_l2cc_data_send_rsp_handler</STRONG> (Thumb, 0 bytes, Stack size 0 bytes, rom_symdef.txt(ABSOLUTE), UNUSED)
<BR>[Address Reference Count : 1]<UL><LI> atts_task.obj(.constdata)
</UL>
<P><STRONG><a name="[115]"></a>atts_send_pdu</STRONG> (Thumb, 0 bytes, Stack size 0 bytes, rom_symdef.txt(ABSOLUTE))
<BR><BR>[Called By]<UL><LI><a href="#[110]">&gt;&gt;</a>&nbsp;&nbsp;&nbsp;dg_atts_read_cfm (via Veneer)
</UL>

<P><STRONG><a name="[113]"></a>atts_allocate_pdu</STRONG> (Thumb, 0 bytes, Stack size 0 bytes, rom_symdef.txt(ABSOLUTE))
<BR><BR>[Called By]<UL><LI><a href="#[110]">&gt;&gt;</a>&nbsp;&nbsp;&nbsp;dg_atts_read_cfm (via Veneer)
</UL>

<P><STRONG><a name="[104]"></a>atts_mtu_exc_resp</STRONG> (Thumb, 0 bytes, Stack size 0 bytes, rom_symdef.txt(ABSOLUTE))
<BR><BR>[Called By]<UL><LI><a href="#[79]">&gt;&gt;</a>&nbsp;&nbsp;&nbsp;my_l2cc_pdu_recv_ind_handler (via Veneer)
</UL>

<P><STRONG><a name="[114]"></a>atts_send_error</STRONG> (Thumb, 0 bytes, Stack size 0 bytes, rom_symdef.txt(ABSOLUTE))
<BR><BR>[Called By]<UL><LI><a href="#[110]">&gt;&gt;</a>&nbsp;&nbsp;&nbsp;dg_atts_read_cfm (via Veneer)
</UL>

<P><STRONG><a name="[105]"></a>atts_find_info_resp</STRONG> (Thumb, 0 bytes, Stack size 0 bytes, rom_symdef.txt(ABSOLUTE))
<BR><BR>[Called By]<UL><LI><a href="#[79]">&gt;&gt;</a>&nbsp;&nbsp;&nbsp;my_l2cc_pdu_recv_ind_handler (via Veneer)
</UL>

<P><STRONG><a name="[116]"></a>atts_get_att_chk_perm</STRONG> (Thumb, 0 bytes, Stack size 0 bytes, rom_symdef.txt(ABSOLUTE))
<BR><BR>[Called By]<UL><LI><a href="#[6e]">&gt;&gt;</a>&nbsp;&nbsp;&nbsp;atts_read_resp_patch (via Veneer)
</UL>

<P><STRONG><a name="[106]"></a>atts_find_by_type_resp</STRONG> (Thumb, 0 bytes, Stack size 0 bytes, rom_symdef.txt(ABSOLUTE))
<BR><BR>[Called By]<UL><LI><a href="#[79]">&gt;&gt;</a>&nbsp;&nbsp;&nbsp;my_l2cc_pdu_recv_ind_handler (via Veneer)
</UL>

<P><STRONG><a name="[107]"></a>atts_read_by_type_resp</STRONG> (Thumb, 0 bytes, Stack size 0 bytes, rom_symdef.txt(ABSOLUTE))
<BR><BR>[Called By]<UL><LI><a href="#[79]">&gt;&gt;</a>&nbsp;&nbsp;&nbsp;my_l2cc_pdu_recv_ind_handler (via Veneer)
</UL>

<P><STRONG><a name="[108]"></a>atts_read_by_grp_type_resp</STRONG> (Thumb, 0 bytes, Stack size 0 bytes, rom_symdef.txt(ABSOLUTE))
<BR><BR>[Called By]<UL><LI><a href="#[79]">&gt;&gt;</a>&nbsp;&nbsp;&nbsp;my_l2cc_pdu_recv_ind_handler (via Veneer)
</UL>

<P><STRONG><a name="[109]"></a>atts_read_blob_resp</STRONG> (Thumb, 0 bytes, Stack size 0 bytes, rom_symdef.txt(ABSOLUTE))
<BR><BR>[Called By]<UL><LI><a href="#[79]">&gt;&gt;</a>&nbsp;&nbsp;&nbsp;my_l2cc_pdu_recv_ind_handler (via Veneer)
</UL>

<P><STRONG><a name="[10a]"></a>atts_read_mult_resp</STRONG> (Thumb, 0 bytes, Stack size 0 bytes, rom_symdef.txt(ABSOLUTE))
<BR><BR>[Called By]<UL><LI><a href="#[79]">&gt;&gt;</a>&nbsp;&nbsp;&nbsp;my_l2cc_pdu_recv_ind_handler (via Veneer)
</UL>

<P><STRONG><a name="[10b]"></a>atts_write_no_resp</STRONG> (Thumb, 0 bytes, Stack size 0 bytes, rom_symdef.txt(ABSOLUTE))
<BR><BR>[Called By]<UL><LI><a href="#[79]">&gt;&gt;</a>&nbsp;&nbsp;&nbsp;my_l2cc_pdu_recv_ind_handler (via Veneer)
</UL>

<P><STRONG><a name="[10c]"></a>atts_write_resp</STRONG> (Thumb, 0 bytes, Stack size 0 bytes, rom_symdef.txt(ABSOLUTE))
<BR><BR>[Called By]<UL><LI><a href="#[79]">&gt;&gt;</a>&nbsp;&nbsp;&nbsp;my_l2cc_pdu_recv_ind_handler (via Veneer)
</UL>

<P><STRONG><a name="[10d]"></a>atts_signed_write_resp</STRONG> (Thumb, 0 bytes, Stack size 0 bytes, rom_symdef.txt(ABSOLUTE))
<BR><BR>[Called By]<UL><LI><a href="#[79]">&gt;&gt;</a>&nbsp;&nbsp;&nbsp;my_l2cc_pdu_recv_ind_handler (via Veneer)
</UL>

<P><STRONG><a name="[10e]"></a>atts_prepare_write_resp</STRONG> (Thumb, 0 bytes, Stack size 0 bytes, rom_symdef.txt(ABSOLUTE))
<BR><BR>[Called By]<UL><LI><a href="#[79]">&gt;&gt;</a>&nbsp;&nbsp;&nbsp;my_l2cc_pdu_recv_ind_handler (via Veneer)
</UL>

<P><STRONG><a name="[10f]"></a>atts_execute_write_resp</STRONG> (Thumb, 0 bytes, Stack size 0 bytes, rom_symdef.txt(ABSOLUTE))
<BR><BR>[Called By]<UL><LI><a href="#[79]">&gt;&gt;</a>&nbsp;&nbsp;&nbsp;my_l2cc_pdu_recv_ind_handler (via Veneer)
</UL>

<P><STRONG><a name="[103]"></a>atts_send_cmd_cmp</STRONG> (Thumb, 0 bytes, Stack size 0 bytes, rom_symdef.txt(ABSOLUTE))
<BR><BR>[Called By]<UL><LI><a href="#[79]">&gt;&gt;</a>&nbsp;&nbsp;&nbsp;my_l2cc_pdu_recv_ind_handler (via Veneer)
</UL>

<P><STRONG><a name="[1a7]"></a>atts_write_rsp_send</STRONG> (Thumb, 0 bytes, Stack size 0 bytes, rom_symdef.txt(ABSOLUTE))
<BR><BR>[Called By]<UL><LI><a href="#[9b]">&gt;&gt;</a>&nbsp;&nbsp;&nbsp;gattc_write_cmd_ind_handler (via Veneer)
<LI><a href="#[93]">&gt;&gt;</a>&nbsp;&nbsp;&nbsp;gattc_write_cmd_ind_handler (via Veneer)
</UL>

<P><STRONG><a name="[112]"></a>gattc_get_mtu</STRONG> (Thumb, 0 bytes, Stack size 0 bytes, rom_symdef.txt(ABSOLUTE))
<BR><BR>[Called By]<UL><LI><a href="#[110]">&gt;&gt;</a>&nbsp;&nbsp;&nbsp;dg_atts_read_cfm (via Veneer)
</UL>

<P><STRONG><a name="[12e]"></a>smpc_check_max_key_size</STRONG> (Thumb, 0 bytes, Stack size 0 bytes, rom_symdef.txt(ABSOLUTE))
<BR><BR>[Called By]<UL><LI><a href="#[75]">&gt;&gt;</a>&nbsp;&nbsp;&nbsp;smpc_pairing_cfm_handler (via Veneer)
</UL>

<P><STRONG><a name="[12f]"></a>smpc_check_key_distrib</STRONG> (Thumb, 0 bytes, Stack size 0 bytes, rom_symdef.txt(ABSOLUTE))
<BR><BR>[Called By]<UL><LI><a href="#[75]">&gt;&gt;</a>&nbsp;&nbsp;&nbsp;smpc_pairing_cfm_handler (via Veneer)
</UL>

<P><STRONG><a name="[129]"></a>smpc_generate_rand</STRONG> (Thumb, 0 bytes, Stack size 0 bytes, rom_symdef.txt(ABSOLUTE))
<BR><BR>[Called By]<UL><LI><a href="#[75]">&gt;&gt;</a>&nbsp;&nbsp;&nbsp;smpc_pairing_cfm_handler (via Veneer)
</UL>

<P><STRONG><a name="[12d]"></a>smpc_pairing_end</STRONG> (Thumb, 0 bytes, Stack size 0 bytes, rom_symdef.txt(ABSOLUTE))
<BR><BR>[Called By]<UL><LI><a href="#[75]">&gt;&gt;</a>&nbsp;&nbsp;&nbsp;smpc_pairing_cfm_handler (via Veneer)
</UL>

<P><STRONG><a name="[12c]"></a>smpc_tkdp_rcp_start</STRONG> (Thumb, 0 bytes, Stack size 0 bytes, rom_symdef.txt(ABSOLUTE))
<BR><BR>[Called By]<UL><LI><a href="#[75]">&gt;&gt;</a>&nbsp;&nbsp;&nbsp;smpc_pairing_cfm_handler (via Veneer)
</UL>

<P><STRONG><a name="[12b]"></a>smpc_pdu_send</STRONG> (Thumb, 0 bytes, Stack size 0 bytes, rom_symdef.txt(ABSOLUTE))
<BR><BR>[Called By]<UL><LI><a href="#[75]">&gt;&gt;</a>&nbsp;&nbsp;&nbsp;smpc_pairing_cfm_handler (via Veneer)
</UL>

<P><STRONG><a name="[12a]"></a>smpc_tkdp_send_continue</STRONG> (Thumb, 0 bytes, Stack size 0 bytes, rom_symdef.txt(ABSOLUTE))
<BR><BR>[Called By]<UL><LI><a href="#[75]">&gt;&gt;</a>&nbsp;&nbsp;&nbsp;smpc_pairing_cfm_handler (via Veneer)
</UL>

<P><STRONG><a name="[130]"></a>smpc_get_key_sec_prop</STRONG> (Thumb, 0 bytes, Stack size 0 bytes, rom_symdef.txt(ABSOLUTE))
<BR><BR>[Called By]<UL><LI><a href="#[75]">&gt;&gt;</a>&nbsp;&nbsp;&nbsp;smpc_pairing_cfm_handler (via Veneer)
</UL>

<P><STRONG><a name="[131]"></a>smpc_is_sec_mode_reached</STRONG> (Thumb, 0 bytes, Stack size 0 bytes, rom_symdef.txt(ABSOLUTE))
<BR><BR>[Called By]<UL><LI><a href="#[75]">&gt;&gt;</a>&nbsp;&nbsp;&nbsp;smpc_pairing_cfm_handler (via Veneer)
</UL>

<P><STRONG><a name="[148]"></a>gapc_send_disconect_ind</STRONG> (Thumb, 0 bytes, Stack size 0 bytes, rom_symdef.txt(ABSOLUTE))
<BR><BR>[Called By]<UL><LI><a href="#[34]">&gt;&gt;</a>&nbsp;&nbsp;&nbsp;prf_cleanup_func (via Veneer)
<LI><a href="#[8c]">&gt;&gt;</a>&nbsp;&nbsp;&nbsp;my_llc_discon_cmp_evt_handler (via Veneer)
</UL>

<P><STRONG><a name="[19b]"></a>gapc_get_conidx</STRONG> (Thumb, 0 bytes, Stack size 0 bytes, rom_symdef.txt(ABSOLUTE))
<BR><BR>[Called By]<UL><LI><a href="#[9a]">&gt;&gt;</a>&nbsp;&nbsp;&nbsp;spotar_enable_req_handler (via Veneer)
<LI><a href="#[92]">&gt;&gt;</a>&nbsp;&nbsp;&nbsp;custs1_enable_req_handler (via Veneer)
<LI><a href="#[8f]">&gt;&gt;</a>&nbsp;&nbsp;&nbsp;diss_enable_req_handler (via Veneer)
</UL>

<P><STRONG><a name="[19c]"></a>gapc_get_conhdl</STRONG> (Thumb, 0 bytes, Stack size 0 bytes, rom_symdef.txt(ABSOLUTE))
<BR><BR>[Called By]<UL><LI><a href="#[9b]">&gt;&gt;</a>&nbsp;&nbsp;&nbsp;gattc_write_cmd_ind_handler (via Veneer)
<LI><a href="#[97]">&gt;&gt;</a>&nbsp;&nbsp;&nbsp;custs1_val_ind_req_handler (via Veneer)
<LI><a href="#[95]">&gt;&gt;</a>&nbsp;&nbsp;&nbsp;custs1_val_ntf_req_handler (via Veneer)
<LI><a href="#[96]">&gt;&gt;</a>&nbsp;&nbsp;&nbsp;custs1_val_set_req_handler (via Veneer)
<LI><a href="#[94]">&gt;&gt;</a>&nbsp;&nbsp;&nbsp;gattc_cmp_evt_handler (via Veneer)
<LI><a href="#[93]">&gt;&gt;</a>&nbsp;&nbsp;&nbsp;gattc_write_cmd_ind_handler (via Veneer)
<LI><a href="#[19a]">&gt;&gt;</a>&nbsp;&nbsp;&nbsp;prf_server_error_ind_send (via Veneer)
</UL>

<P><STRONG><a name="[128]"></a>gapc_get_role</STRONG> (Thumb, 0 bytes, Stack size 0 bytes, rom_symdef.txt(ABSOLUTE))
<BR><BR>[Called By]<UL><LI><a href="#[73]">&gt;&gt;</a>&nbsp;&nbsp;&nbsp;smpc_send_pairing_req_ind (via Veneer)
<LI><a href="#[75]">&gt;&gt;</a>&nbsp;&nbsp;&nbsp;smpc_pairing_cfm_handler (via Veneer)
</UL>

<P><STRONG><a name="[147]"></a>gapc_send_complete_evt</STRONG> (Thumb, 0 bytes, Stack size 0 bytes, rom_symdef.txt(ABSOLUTE))
<BR><BR>[Called By]<UL><LI><a href="#[8c]">&gt;&gt;</a>&nbsp;&nbsp;&nbsp;my_llc_discon_cmp_evt_handler (via Veneer)
<LI><a href="#[8b]">&gt;&gt;</a>&nbsp;&nbsp;&nbsp;my_llc_event_common_cmd_status_handler (via Veneer)
</UL>

<P><STRONG><a name="[145]"></a>gapc_send_error_evt</STRONG> (Thumb, 0 bytes, Stack size 0 bytes, rom_symdef.txt(ABSOLUTE))
<BR><BR>[Called By]<UL><LI><a href="#[8c]">&gt;&gt;</a>&nbsp;&nbsp;&nbsp;my_llc_discon_cmp_evt_handler (via Veneer)
<LI><a href="#[8b]">&gt;&gt;</a>&nbsp;&nbsp;&nbsp;my_llc_event_common_cmd_status_handler (via Veneer)
</UL>

<P><STRONG><a name="[127]"></a>gapc_get_enc_keysize</STRONG> (Thumb, 0 bytes, Stack size 0 bytes, rom_symdef.txt(ABSOLUTE))
<BR><BR>[Called By]<UL><LI><a href="#[73]">&gt;&gt;</a>&nbsp;&nbsp;&nbsp;smpc_send_pairing_req_ind (via Veneer)
<LI><a href="#[75]">&gt;&gt;</a>&nbsp;&nbsp;&nbsp;smpc_pairing_cfm_handler (via Veneer)
</UL>

<P><STRONG><a name="[146]"></a>gapc_get_operation</STRONG> (Thumb, 0 bytes, Stack size 0 bytes, rom_symdef.txt(ABSOLUTE))
<BR><BR>[Called By]<UL><LI><a href="#[8c]">&gt;&gt;</a>&nbsp;&nbsp;&nbsp;my_llc_discon_cmp_evt_handler (via Veneer)
<LI><a href="#[8b]">&gt;&gt;</a>&nbsp;&nbsp;&nbsp;my_llc_event_common_cmd_status_handler (via Veneer)
</UL>

<P><STRONG><a name="[149]"></a>gapm_con_cleanup</STRONG> (Thumb, 0 bytes, Stack size 0 bytes, rom_symdef.txt(ABSOLUTE))
<BR><BR>[Called By]<UL><LI><a href="#[8c]">&gt;&gt;</a>&nbsp;&nbsp;&nbsp;my_llc_discon_cmp_evt_handler (via Veneer)
</UL>

<P><STRONG><a name="[11e]"></a>gapm_get_privacy_flag</STRONG> (Thumb, 0 bytes, Stack size 0 bytes, rom_symdef.txt(ABSOLUTE))
<BR><BR>[Called By]<UL><LI><a href="#[78]">&gt;&gt;</a>&nbsp;&nbsp;&nbsp;patched_gapm_adv_op_sanity (via Veneer)
</UL>

<P><STRONG><a name="[120]"></a>gapm_set_recon_addr</STRONG> (Thumb, 0 bytes, Stack size 0 bytes, rom_symdef.txt(ABSOLUTE))
<BR><BR>[Called By]<UL><LI><a href="#[78]">&gt;&gt;</a>&nbsp;&nbsp;&nbsp;patched_gapm_adv_op_sanity (via Veneer)
</UL>

<P><STRONG><a name="[188]"></a>ke_sleep_check</STRONG> (Thumb, 0 bytes, Stack size 0 bytes, rom_symdef.txt(ABSOLUTE))
<BR><BR>[Called By]<UL><LI><a href="#[cc]">&gt;&gt;</a>&nbsp;&nbsp;&nbsp;rwip_sleep (via Veneer)
</UL>

<P><STRONG><a name="[126]"></a>ke_event_callback_set</STRONG> (Thumb, 0 bytes, Stack size 0 bytes, rom_symdef.txt(ABSOLUTE))
<BR><BR>[Called By]<UL><LI><a href="#[2f]">&gt;&gt;</a>&nbsp;&nbsp;&nbsp;ke_task_init_func (via Veneer)
</UL>

<P><STRONG><a name="[125]"></a>ke_event_clear</STRONG> (Thumb, 0 bytes, Stack size 0 bytes, rom_symdef.txt(ABSOLUTE))
<BR><BR>[Called By]<UL><LI><a href="#[59]">&gt;&gt;</a>&nbsp;&nbsp;&nbsp;ke_task_schedule (via Veneer)
</UL>

<P><STRONG><a name="[ca]"></a>ke_event_get</STRONG> (Thumb, 0 bytes, Stack size 0 bytes, rom_symdef.txt(ABSOLUTE))
<BR><BR>[Called By]<UL><LI><a href="#[1e]">&gt;&gt;</a>&nbsp;&nbsp;&nbsp;main_func (via Veneer)
</UL>

<P><STRONG><a name="[d0]"></a>ke_mem_is_empty</STRONG> (Thumb, 0 bytes, Stack size 0 bytes, rom_symdef.txt(ABSOLUTE))
<BR><BR>[Called By]<UL><LI><a href="#[cd]">&gt;&gt;</a>&nbsp;&nbsp;&nbsp;arch_goto_sleep (via Veneer)
</UL>

<P><STRONG><a name="[fd]"></a>ke_malloc</STRONG> (Thumb, 0 bytes, Stack size 0 bytes, rom_symdef.txt(ABSOLUTE))
<BR><BR>[Called By]<UL><LI><a href="#[72]">&gt;&gt;</a>&nbsp;&nbsp;&nbsp;gapc_con_create_patch (via Veneer)
</UL>

<P><STRONG><a name="[13e]"></a>ke_free</STRONG> (Thumb, 0 bytes, Stack size 0 bytes, rom_symdef.txt(ABSOLUTE))
<BR><BR>[Called By]<UL><LI><a href="#[88]">&gt;&gt;</a>&nbsp;&nbsp;&nbsp;my_lld_stop_ind_handler (via Veneer)
</UL>

<P><STRONG><a name="[100]"></a>ke_msg_alloc</STRONG> (Thumb, 0 bytes, Stack size 0 bytes, rom_symdef.txt(ABSOLUTE))
<BR><BR>[Called By]<UL><LI><a href="#[140]">&gt;&gt;</a>&nbsp;&nbsp;&nbsp;my_llc_start_enc_rsp_ind (via Veneer)
<LI><a href="#[73]">&gt;&gt;</a>&nbsp;&nbsp;&nbsp;smpc_send_pairing_req_ind (via Veneer)
<LI><a href="#[6e]">&gt;&gt;</a>&nbsp;&nbsp;&nbsp;atts_read_resp_patch (via Veneer)
<LI><a href="#[72]">&gt;&gt;</a>&nbsp;&nbsp;&nbsp;gapc_con_create_patch (via Veneer)
<LI><a href="#[9b]">&gt;&gt;</a>&nbsp;&nbsp;&nbsp;gattc_write_cmd_ind_handler (via Veneer)
<LI><a href="#[99]">&gt;&gt;</a>&nbsp;&nbsp;&nbsp;spotar_create_db_req_handler (via Veneer)
<LI><a href="#[1a9]">&gt;&gt;</a>&nbsp;&nbsp;&nbsp;spotar_disable (via Veneer)
<LI><a href="#[97]">&gt;&gt;</a>&nbsp;&nbsp;&nbsp;custs1_val_ind_req_handler (via Veneer)
<LI><a href="#[95]">&gt;&gt;</a>&nbsp;&nbsp;&nbsp;custs1_val_ntf_req_handler (via Veneer)
<LI><a href="#[94]">&gt;&gt;</a>&nbsp;&nbsp;&nbsp;gattc_cmp_evt_handler (via Veneer)
<LI><a href="#[93]">&gt;&gt;</a>&nbsp;&nbsp;&nbsp;gattc_write_cmd_ind_handler (via Veneer)
<LI><a href="#[91]">&gt;&gt;</a>&nbsp;&nbsp;&nbsp;custs1_create_db_req_handler (via Veneer)
<LI><a href="#[1a0]">&gt;&gt;</a>&nbsp;&nbsp;&nbsp;custs1_disable (via Veneer)
<LI><a href="#[19d]">&gt;&gt;</a>&nbsp;&nbsp;&nbsp;prf_server_send_event (via Veneer)
<LI><a href="#[19a]">&gt;&gt;</a>&nbsp;&nbsp;&nbsp;prf_server_error_ind_send (via Veneer)
<LI><a href="#[8d]">&gt;&gt;</a>&nbsp;&nbsp;&nbsp;diss_create_db_req_handler (via Veneer)
<LI><a href="#[195]">&gt;&gt;</a>&nbsp;&nbsp;&nbsp;diss_disable (via Veneer)
<LI><a href="#[b9]">&gt;&gt;</a>&nbsp;&nbsp;&nbsp;app_custs1_create_db_cfm_handler (via Veneer)
<LI><a href="#[bc]">&gt;&gt;</a>&nbsp;&nbsp;&nbsp;app_custs1_enable (via Veneer)
<LI><a href="#[bb]">&gt;&gt;</a>&nbsp;&nbsp;&nbsp;app_custs1_create_db (via Veneer)
<LI><a href="#[1e8]">&gt;&gt;</a>&nbsp;&nbsp;&nbsp;cancel_timer_handler (via Veneer)
<LI><a href="#[1e6]">&gt;&gt;</a>&nbsp;&nbsp;&nbsp;create_timer (via Veneer)
<LI><a href="#[b2]">&gt;&gt;</a>&nbsp;&nbsp;&nbsp;spotar_create_db_cfm_handler (via Veneer)
<LI><a href="#[1d6]">&gt;&gt;</a>&nbsp;&nbsp;&nbsp;spotar_send_mem_info_update_req (via Veneer)
<LI><a href="#[1cb]">&gt;&gt;</a>&nbsp;&nbsp;&nbsp;spotar_send_status_update_req (via Veneer)
<LI><a href="#[ac]">&gt;&gt;</a>&nbsp;&nbsp;&nbsp;diss_create_db_cfm_handler (via Veneer)
<LI><a href="#[a4]">&gt;&gt;</a>&nbsp;&nbsp;&nbsp;gapm_device_ready_ind_handler (via Veneer)
<LI><a href="#[a2]">&gt;&gt;</a>&nbsp;&nbsp;&nbsp;app_spotar_enable (via Veneer)
<LI><a href="#[a1]">&gt;&gt;</a>&nbsp;&nbsp;&nbsp;app_spotar_create_db (via Veneer)
<LI><a href="#[1ea]">&gt;&gt;</a>&nbsp;&nbsp;&nbsp;app_easy_timer_cancel (via Veneer)
<LI><a href="#[a0]">&gt;&gt;</a>&nbsp;&nbsp;&nbsp;app_diss_enable (via Veneer)
<LI><a href="#[9f]">&gt;&gt;</a>&nbsp;&nbsp;&nbsp;app_diss_create_db (via Veneer)
<LI><a href="#[1be]">&gt;&gt;</a>&nbsp;&nbsp;&nbsp;app_easy_gap_advertise_stop (via Veneer)
<LI><a href="#[1bd]">&gt;&gt;</a>&nbsp;&nbsp;&nbsp;app_easy_gap_dev_config_create_msg (via Veneer)
<LI><a href="#[1bc]">&gt;&gt;</a>&nbsp;&nbsp;&nbsp;app_easy_gap_param_update_msg_create (via Veneer)
<LI><a href="#[1ba]">&gt;&gt;</a>&nbsp;&nbsp;&nbsp;app_easy_gap_undirected_advertise_start_create_msg (via Veneer)
<LI><a href="#[1bf]">&gt;&gt;</a>&nbsp;&nbsp;&nbsp;app_easy_gap_disconnect (via Veneer)
<LI><a href="#[1c0]">&gt;&gt;</a>&nbsp;&nbsp;&nbsp;app_easy_gap_confirm (via Veneer)
<LI><a href="#[215]">&gt;&gt;</a>&nbsp;&nbsp;&nbsp;user_app_enable_periphs (via Veneer)
<LI><a href="#[64]">&gt;&gt;</a>&nbsp;&nbsp;&nbsp;user_app_adcval1_timer_cb_handler (via Veneer)
<LI><a href="#[66]">&gt;&gt;</a>&nbsp;&nbsp;&nbsp;user_app_button_press_cb (via Veneer)
<LI><a href="#[204]">&gt;&gt;</a>&nbsp;&nbsp;&nbsp;user_app_get_adj_val (via Veneer)
</UL>

<P><STRONG><a name="[101]"></a>ke_msg_send</STRONG> (Thumb, 0 bytes, Stack size 0 bytes, rom_symdef.txt(ABSOLUTE))
<BR><BR>[Called By]<UL><LI><a href="#[140]">&gt;&gt;</a>&nbsp;&nbsp;&nbsp;my_llc_start_enc_rsp_ind (via Veneer)
<LI><a href="#[73]">&gt;&gt;</a>&nbsp;&nbsp;&nbsp;smpc_send_pairing_req_ind (via Veneer)
<LI><a href="#[6e]">&gt;&gt;</a>&nbsp;&nbsp;&nbsp;atts_read_resp_patch (via Veneer)
<LI><a href="#[72]">&gt;&gt;</a>&nbsp;&nbsp;&nbsp;gapc_con_create_patch (via Veneer)
<LI><a href="#[9b]">&gt;&gt;</a>&nbsp;&nbsp;&nbsp;gattc_write_cmd_ind_handler (via Veneer)
<LI><a href="#[99]">&gt;&gt;</a>&nbsp;&nbsp;&nbsp;spotar_create_db_req_handler (via Veneer)
<LI><a href="#[1a9]">&gt;&gt;</a>&nbsp;&nbsp;&nbsp;spotar_disable (via Veneer)
<LI><a href="#[97]">&gt;&gt;</a>&nbsp;&nbsp;&nbsp;custs1_val_ind_req_handler (via Veneer)
<LI><a href="#[95]">&gt;&gt;</a>&nbsp;&nbsp;&nbsp;custs1_val_ntf_req_handler (via Veneer)
<LI><a href="#[94]">&gt;&gt;</a>&nbsp;&nbsp;&nbsp;gattc_cmp_evt_handler (via Veneer)
<LI><a href="#[93]">&gt;&gt;</a>&nbsp;&nbsp;&nbsp;gattc_write_cmd_ind_handler (via Veneer)
<LI><a href="#[91]">&gt;&gt;</a>&nbsp;&nbsp;&nbsp;custs1_create_db_req_handler (via Veneer)
<LI><a href="#[1a0]">&gt;&gt;</a>&nbsp;&nbsp;&nbsp;custs1_disable (via Veneer)
<LI><a href="#[19d]">&gt;&gt;</a>&nbsp;&nbsp;&nbsp;prf_server_send_event (via Veneer)
<LI><a href="#[19a]">&gt;&gt;</a>&nbsp;&nbsp;&nbsp;prf_server_error_ind_send (via Veneer)
<LI><a href="#[8d]">&gt;&gt;</a>&nbsp;&nbsp;&nbsp;diss_create_db_req_handler (via Veneer)
<LI><a href="#[195]">&gt;&gt;</a>&nbsp;&nbsp;&nbsp;diss_disable (via Veneer)
<LI><a href="#[b9]">&gt;&gt;</a>&nbsp;&nbsp;&nbsp;app_custs1_create_db_cfm_handler (via Veneer)
<LI><a href="#[bc]">&gt;&gt;</a>&nbsp;&nbsp;&nbsp;app_custs1_enable (via Veneer)
<LI><a href="#[bb]">&gt;&gt;</a>&nbsp;&nbsp;&nbsp;app_custs1_create_db (via Veneer)
<LI><a href="#[1e8]">&gt;&gt;</a>&nbsp;&nbsp;&nbsp;cancel_timer_handler (via Veneer)
<LI><a href="#[1e6]">&gt;&gt;</a>&nbsp;&nbsp;&nbsp;create_timer (via Veneer)
<LI><a href="#[b2]">&gt;&gt;</a>&nbsp;&nbsp;&nbsp;spotar_create_db_cfm_handler (via Veneer)
<LI><a href="#[1d6]">&gt;&gt;</a>&nbsp;&nbsp;&nbsp;spotar_send_mem_info_update_req (via Veneer)
<LI><a href="#[1cb]">&gt;&gt;</a>&nbsp;&nbsp;&nbsp;spotar_send_status_update_req (via Veneer)
<LI><a href="#[ac]">&gt;&gt;</a>&nbsp;&nbsp;&nbsp;diss_create_db_cfm_handler (via Veneer)
<LI><a href="#[a4]">&gt;&gt;</a>&nbsp;&nbsp;&nbsp;gapm_device_ready_ind_handler (via Veneer)
<LI><a href="#[a2]">&gt;&gt;</a>&nbsp;&nbsp;&nbsp;app_spotar_enable (via Veneer)
<LI><a href="#[a1]">&gt;&gt;</a>&nbsp;&nbsp;&nbsp;app_spotar_create_db (via Veneer)
<LI><a href="#[1ea]">&gt;&gt;</a>&nbsp;&nbsp;&nbsp;app_easy_timer_cancel (via Veneer)
<LI><a href="#[a0]">&gt;&gt;</a>&nbsp;&nbsp;&nbsp;app_diss_enable (via Veneer)
<LI><a href="#[9f]">&gt;&gt;</a>&nbsp;&nbsp;&nbsp;app_diss_create_db (via Veneer)
<LI><a href="#[1c5]">&gt;&gt;</a>&nbsp;&nbsp;&nbsp;app_easy_gap_dev_configure (via Veneer)
<LI><a href="#[1c3]">&gt;&gt;</a>&nbsp;&nbsp;&nbsp;app_easy_gap_param_update_start (via Veneer)
<LI><a href="#[1be]">&gt;&gt;</a>&nbsp;&nbsp;&nbsp;app_easy_gap_advertise_stop (via Veneer)
<LI><a href="#[1c2]">&gt;&gt;</a>&nbsp;&nbsp;&nbsp;app_easy_gap_undirected_advertise_start (via Veneer)
<LI><a href="#[1bf]">&gt;&gt;</a>&nbsp;&nbsp;&nbsp;app_easy_gap_disconnect (via Veneer)
<LI><a href="#[1c0]">&gt;&gt;</a>&nbsp;&nbsp;&nbsp;app_easy_gap_confirm (via Veneer)
<LI><a href="#[215]">&gt;&gt;</a>&nbsp;&nbsp;&nbsp;user_app_enable_periphs (via Veneer)
<LI><a href="#[64]">&gt;&gt;</a>&nbsp;&nbsp;&nbsp;user_app_adcval1_timer_cb_handler (via Veneer)
<LI><a href="#[66]">&gt;&gt;</a>&nbsp;&nbsp;&nbsp;user_app_button_press_cb (via Veneer)
<LI><a href="#[204]">&gt;&gt;</a>&nbsp;&nbsp;&nbsp;user_app_get_adj_val (via Veneer)
</UL>

<P><STRONG><a name="[1e5]"></a>ke_msg_send_basic</STRONG> (Thumb, 0 bytes, Stack size 0 bytes, rom_symdef.txt(ABSOLUTE))
<BR><BR>[Called By]<UL><LI><a href="#[1e4]">&gt;&gt;</a>&nbsp;&nbsp;&nbsp;app_easy_wakeup (via Veneer)
</UL>

<P><STRONG><a name="[123]"></a>ke_msg_free</STRONG> (Thumb, 0 bytes, Stack size 0 bytes, rom_symdef.txt(ABSOLUTE))
<BR><BR>[Called By]<UL><LI><a href="#[59]">&gt;&gt;</a>&nbsp;&nbsp;&nbsp;ke_task_schedule (via Veneer)
</UL>

<P><STRONG><a name="[f8]"></a>ke_handler_search</STRONG> (Thumb, 0 bytes, Stack size 0 bytes, rom_symdef.txt(ABSOLUTE))
<BR><BR>[Called By]<UL><LI><a href="#[8a]">&gt;&gt;</a>&nbsp;&nbsp;&nbsp;gapc_rom_default_handler (via Veneer)
<LI><a href="#[7f]">&gt;&gt;</a>&nbsp;&nbsp;&nbsp;llc_rom_default_handler (via Veneer)
<LI><a href="#[6f]">&gt;&gt;</a>&nbsp;&nbsp;&nbsp;llm_rom_default_handler (via Veneer)
</UL>

<P><STRONG><a name="[194]"></a>ke_task_create</STRONG> (Thumb, 0 bytes, Stack size 0 bytes, rom_symdef.txt(ABSOLUTE))
<BR><BR>[Called By]<UL><LI><a href="#[f4]">&gt;&gt;</a>&nbsp;&nbsp;&nbsp;app_init (via Veneer)
<LI><a href="#[bd]">&gt;&gt;</a>&nbsp;&nbsp;&nbsp;custs1_init (via Veneer)
<LI><a href="#[19f]">&gt;&gt;</a>&nbsp;&nbsp;&nbsp;spotar_init (via Veneer)
<LI><a href="#[192]">&gt;&gt;</a>&nbsp;&nbsp;&nbsp;diss_init (via Veneer)
</UL>

<P><STRONG><a name="[ff]"></a>ke_state_set</STRONG> (Thumb, 0 bytes, Stack size 0 bytes, rom_symdef.txt(ABSOLUTE))
<BR><BR>[Called By]<UL><LI><a href="#[8b]">&gt;&gt;</a>&nbsp;&nbsp;&nbsp;my_llc_event_common_cmd_status_handler (via Veneer)
<LI><a href="#[140]">&gt;&gt;</a>&nbsp;&nbsp;&nbsp;my_llc_start_enc_rsp_ind (via Veneer)
<LI><a href="#[135]">&gt;&gt;</a>&nbsp;&nbsp;&nbsp;my_llc_enc_req_ind (via Veneer)
<LI><a href="#[132]">&gt;&gt;</a>&nbsp;&nbsp;&nbsp;my_llc_enc_rsp_pdu_send (via Veneer)
<LI><a href="#[81]">&gt;&gt;</a>&nbsp;&nbsp;&nbsp;my_llc_llcp_tx_cfm_handler (via Veneer)
<LI><a href="#[86]">&gt;&gt;</a>&nbsp;&nbsp;&nbsp;my_llcp_enc_req_handler (via Veneer)
<LI><a href="#[11c]">&gt;&gt;</a>&nbsp;&nbsp;&nbsp;my_llc_ch_map_req_ind (via Veneer)
<LI><a href="#[119]">&gt;&gt;</a>&nbsp;&nbsp;&nbsp;my_llc_con_update_req_ind (via Veneer)
<LI><a href="#[79]">&gt;&gt;</a>&nbsp;&nbsp;&nbsp;my_l2cc_pdu_recv_ind_handler (via Veneer)
<LI><a href="#[75]">&gt;&gt;</a>&nbsp;&nbsp;&nbsp;smpc_pairing_cfm_handler (via Veneer)
<LI><a href="#[77]">&gt;&gt;</a>&nbsp;&nbsp;&nbsp;patched_llc_con_update_ind (via Veneer)
<LI><a href="#[72]">&gt;&gt;</a>&nbsp;&nbsp;&nbsp;gapc_con_create_patch (via Veneer)
<LI><a href="#[f4]">&gt;&gt;</a>&nbsp;&nbsp;&nbsp;app_init (via Veneer)
<LI><a href="#[9a]">&gt;&gt;</a>&nbsp;&nbsp;&nbsp;spotar_enable_req_handler (via Veneer)
<LI><a href="#[99]">&gt;&gt;</a>&nbsp;&nbsp;&nbsp;spotar_create_db_req_handler (via Veneer)
<LI><a href="#[1a9]">&gt;&gt;</a>&nbsp;&nbsp;&nbsp;spotar_disable (via Veneer)
<LI><a href="#[92]">&gt;&gt;</a>&nbsp;&nbsp;&nbsp;custs1_enable_req_handler (via Veneer)
<LI><a href="#[91]">&gt;&gt;</a>&nbsp;&nbsp;&nbsp;custs1_create_db_req_handler (via Veneer)
<LI><a href="#[1a0]">&gt;&gt;</a>&nbsp;&nbsp;&nbsp;custs1_disable (via Veneer)
<LI><a href="#[bd]">&gt;&gt;</a>&nbsp;&nbsp;&nbsp;custs1_init (via Veneer)
<LI><a href="#[19f]">&gt;&gt;</a>&nbsp;&nbsp;&nbsp;spotar_init (via Veneer)
<LI><a href="#[8f]">&gt;&gt;</a>&nbsp;&nbsp;&nbsp;diss_enable_req_handler (via Veneer)
<LI><a href="#[8d]">&gt;&gt;</a>&nbsp;&nbsp;&nbsp;diss_create_db_req_handler (via Veneer)
<LI><a href="#[195]">&gt;&gt;</a>&nbsp;&nbsp;&nbsp;diss_disable (via Veneer)
<LI><a href="#[192]">&gt;&gt;</a>&nbsp;&nbsp;&nbsp;diss_init (via Veneer)
<LI><a href="#[a6]">&gt;&gt;</a>&nbsp;&nbsp;&nbsp;gapc_cmp_evt_handler (via Veneer)
<LI><a href="#[a7]">&gt;&gt;</a>&nbsp;&nbsp;&nbsp;gapc_connection_req_ind_handler (via Veneer)
<LI><a href="#[1c3]">&gt;&gt;</a>&nbsp;&nbsp;&nbsp;app_easy_gap_param_update_start (via Veneer)
<LI><a href="#[1c2]">&gt;&gt;</a>&nbsp;&nbsp;&nbsp;app_easy_gap_undirected_advertise_start (via Veneer)
<LI><a href="#[1b2]">&gt;&gt;</a>&nbsp;&nbsp;&nbsp;app_db_init_start (via Veneer)
</UL>

<P><STRONG><a name="[f9]"></a>ke_state_get</STRONG> (Thumb, 0 bytes, Stack size 0 bytes, rom_symdef.txt(ABSOLUTE))
<BR><BR>[Called By]<UL><LI><a href="#[34]">&gt;&gt;</a>&nbsp;&nbsp;&nbsp;prf_cleanup_func (via Veneer)
<LI><a href="#[8c]">&gt;&gt;</a>&nbsp;&nbsp;&nbsp;my_llc_discon_cmp_evt_handler (via Veneer)
<LI><a href="#[8b]">&gt;&gt;</a>&nbsp;&nbsp;&nbsp;my_llc_event_common_cmd_status_handler (via Veneer)
<LI><a href="#[84]">&gt;&gt;</a>&nbsp;&nbsp;&nbsp;my_llcp_con_up_req_handler (via Veneer)
<LI><a href="#[82]">&gt;&gt;</a>&nbsp;&nbsp;&nbsp;my_llc_link_sup_to_ind_handler (via Veneer)
<LI><a href="#[83]">&gt;&gt;</a>&nbsp;&nbsp;&nbsp;my_llc_llcp_rsp_to_ind_handler (via Veneer)
<LI><a href="#[85]">&gt;&gt;</a>&nbsp;&nbsp;&nbsp;my_llcp_channel_map_req_handler (via Veneer)
<LI><a href="#[87]">&gt;&gt;</a>&nbsp;&nbsp;&nbsp;my_llcp_start_enc_rsp_handler (via Veneer)
<LI><a href="#[81]">&gt;&gt;</a>&nbsp;&nbsp;&nbsp;my_llc_llcp_tx_cfm_handler (via Veneer)
<LI><a href="#[86]">&gt;&gt;</a>&nbsp;&nbsp;&nbsp;my_llcp_enc_req_handler (via Veneer)
<LI><a href="#[79]">&gt;&gt;</a>&nbsp;&nbsp;&nbsp;my_l2cc_pdu_recv_ind_handler (via Veneer)
<LI><a href="#[75]">&gt;&gt;</a>&nbsp;&nbsp;&nbsp;smpc_pairing_cfm_handler (via Veneer)
<LI><a href="#[77]">&gt;&gt;</a>&nbsp;&nbsp;&nbsp;patched_llc_con_update_ind (via Veneer)
<LI><a href="#[72]">&gt;&gt;</a>&nbsp;&nbsp;&nbsp;gapc_con_create_patch (via Veneer)
<LI><a href="#[70]">&gt;&gt;</a>&nbsp;&nbsp;&nbsp;my_lld_data_ind_handler (via Veneer)
<LI><a href="#[b9]">&gt;&gt;</a>&nbsp;&nbsp;&nbsp;app_custs1_create_db_cfm_handler (via Veneer)
<LI><a href="#[b2]">&gt;&gt;</a>&nbsp;&nbsp;&nbsp;spotar_create_db_cfm_handler (via Veneer)
<LI><a href="#[ac]">&gt;&gt;</a>&nbsp;&nbsp;&nbsp;diss_create_db_cfm_handler (via Veneer)
<LI><a href="#[1c8]">&gt;&gt;</a>&nbsp;&nbsp;&nbsp;user_app_disconnect (via Veneer)
<LI><a href="#[a9]">&gt;&gt;</a>&nbsp;&nbsp;&nbsp;app_module_init_cmp_evt_handler (via Veneer)
<LI><a href="#[a8]">&gt;&gt;</a>&nbsp;&nbsp;&nbsp;gapc_disconnect_ind_handler (via Veneer)
<LI><a href="#[a6]">&gt;&gt;</a>&nbsp;&nbsp;&nbsp;gapc_cmp_evt_handler (via Veneer)
<LI><a href="#[a7]">&gt;&gt;</a>&nbsp;&nbsp;&nbsp;gapc_connection_req_ind_handler (via Veneer)
<LI><a href="#[a4]">&gt;&gt;</a>&nbsp;&nbsp;&nbsp;gapm_device_ready_ind_handler (via Veneer)
<LI><a href="#[6c]">&gt;&gt;</a>&nbsp;&nbsp;&nbsp;app_wakeup_cb (via Veneer)
<LI><a href="#[64]">&gt;&gt;</a>&nbsp;&nbsp;&nbsp;user_app_adcval1_timer_cb_handler (via Veneer)
</UL>

<P><STRONG><a name="[122]"></a>ke_task_handler_get</STRONG> (Thumb, 0 bytes, Stack size 0 bytes, rom_symdef.txt(ABSOLUTE))
<BR><BR>[Called By]<UL><LI><a href="#[59]">&gt;&gt;</a>&nbsp;&nbsp;&nbsp;ke_task_schedule (via Veneer)
</UL>

<P><STRONG><a name="[30]"></a>ke_timer_init_func</STRONG> (Thumb, 0 bytes, Stack size 0 bytes, rom_symdef.txt(ABSOLUTE), UNUSED)
<BR>[Address Reference Count : 1]<UL><LI> jump_table.o(jump_table_mem_area)
</UL>
<P><STRONG><a name="[139]"></a>ke_timer_set</STRONG> (Thumb, 0 bytes, Stack size 0 bytes, rom_symdef.txt(ABSOLUTE))
<BR><BR>[Called By]<UL><LI><a href="#[140]">&gt;&gt;</a>&nbsp;&nbsp;&nbsp;my_llc_start_enc_rsp_ind (via Veneer)
<LI><a href="#[135]">&gt;&gt;</a>&nbsp;&nbsp;&nbsp;my_llc_enc_req_ind (via Veneer)
<LI><a href="#[77]">&gt;&gt;</a>&nbsp;&nbsp;&nbsp;patched_llc_con_update_ind (via Veneer)
<LI><a href="#[1e6]">&gt;&gt;</a>&nbsp;&nbsp;&nbsp;create_timer (via Veneer)
<LI><a href="#[b4]">&gt;&gt;</a>&nbsp;&nbsp;&nbsp;app_timer_api_process_handler (via Veneer)
</UL>

<P><STRONG><a name="[102]"></a>ke_timer_clear</STRONG> (Thumb, 0 bytes, Stack size 0 bytes, rom_symdef.txt(ABSOLUTE))
<BR><BR>[Called By]<UL><LI><a href="#[140]">&gt;&gt;</a>&nbsp;&nbsp;&nbsp;my_llc_start_enc_rsp_ind (via Veneer)
<LI><a href="#[86]">&gt;&gt;</a>&nbsp;&nbsp;&nbsp;my_llcp_enc_req_handler (via Veneer)
<LI><a href="#[79]">&gt;&gt;</a>&nbsp;&nbsp;&nbsp;my_l2cc_pdu_recv_ind_handler (via Veneer)
<LI><a href="#[1ea]">&gt;&gt;</a>&nbsp;&nbsp;&nbsp;app_easy_timer_cancel (via Veneer)
</UL>

<P><STRONG><a name="[189]"></a>ke_timer_sleep_check</STRONG> (Thumb, 0 bytes, Stack size 0 bytes, rom_symdef.txt(ABSOLUTE))
<BR><BR>[Called By]<UL><LI><a href="#[cc]">&gt;&gt;</a>&nbsp;&nbsp;&nbsp;rwip_sleep (via Veneer)
</UL>

<P><STRONG><a name="[1b8]"></a>nvds_get</STRONG> (Thumb, 0 bytes, Stack size 0 bytes, rom_symdef.txt(ABSOLUTE))
<BR><BR>[Called By]<UL><LI><a href="#[1ba]">&gt;&gt;</a>&nbsp;&nbsp;&nbsp;app_easy_gap_undirected_advertise_start_create_msg (via Veneer)
<LI><a href="#[1b6]">&gt;&gt;</a>&nbsp;&nbsp;&nbsp;app_easy_gap_adv_read_from_NVDS (via Veneer)
</UL>

<P><STRONG><a name="[c4]"></a>nvds_get_func</STRONG> (Thumb, 0 bytes, Stack size 0 bytes, rom_symdef.txt(ABSOLUTE))
<BR><BR>[Called By]<UL><LI><a href="#[32]">&gt;&gt;</a>&nbsp;&nbsp;&nbsp;custom_nvds_get_func (via Veneer)
</UL>

<P><STRONG><a name="[e9]"></a>nvds_init</STRONG> (Thumb, 0 bytes, Stack size 0 bytes, rom_symdef.txt(ABSOLUTE))
<BR><BR>[Called By]<UL><LI><a href="#[c5]">&gt;&gt;</a>&nbsp;&nbsp;&nbsp;system_init (via Veneer)
</UL>

<P><STRONG><a name="[18c]"></a>ble_regs_push</STRONG> (Thumb, 0 bytes, Stack size 0 bytes, rom_symdef.txt(ABSOLUTE))
<BR><BR>[Called By]<UL><LI><a href="#[cc]">&gt;&gt;</a>&nbsp;&nbsp;&nbsp;rwip_sleep (via Veneer)
</UL>

<P><STRONG><a name="[179]"></a>ble_regs_pop</STRONG> (Thumb, 0 bytes, Stack size 0 bytes, rom_symdef.txt(ABSOLUTE))
<BR><BR>[Called By]<UL><LI><a href="#[178]">&gt;&gt;</a>&nbsp;&nbsp;&nbsp;power_up (via Veneer)
</UL>

<P><STRONG><a name="[17d]"></a>rf_reinit</STRONG> (Thumb, 0 bytes, Stack size 0 bytes, rom_symdef.txt(ABSOLUTE))
<BR><BR>[Called By]<UL><LI><a href="#[a]">&gt;&gt;</a>&nbsp;&nbsp;&nbsp;BLE_SLP_Handler (via Veneer)
</UL>

<P><STRONG><a name="[ee]"></a>rwip_init</STRONG> (Thumb, 0 bytes, Stack size 0 bytes, rom_symdef.txt(ABSOLUTE))
<BR><BR>[Called By]<UL><LI><a href="#[c5]">&gt;&gt;</a>&nbsp;&nbsp;&nbsp;system_init (via Veneer)
</UL>

<P><STRONG><a name="[c9]"></a>rwip_prevent_sleep_get</STRONG> (Thumb, 0 bytes, Stack size 0 bytes, rom_symdef.txt(ABSOLUTE))
<BR><BR>[Called By]<UL><LI><a href="#[cc]">&gt;&gt;</a>&nbsp;&nbsp;&nbsp;rwip_sleep (via Veneer)
<LI><a href="#[1e]">&gt;&gt;</a>&nbsp;&nbsp;&nbsp;main_func (via Veneer)
[...]
</UL>
<BR>[Calls]<UL><LI><a href="#[f9]">&gt;&gt;</a>&nbsp;&nbsp;&nbsp;ke_state_get (via Veneer)
<LI><a href="#[101]">&gt;&gt;</a>&nbsp;&nbsp;&nbsp;ke_msg_send (via Veneer)
<LI><a href="#[100]">&gt;&gt;</a>&nbsp;&nbsp;&nbsp;ke_msg_alloc (via Veneer)
</UL>
<BR>[Address Reference Count : 1]<UL><LI> app_spotar_task.o(.constdata)
</UL>
<P><STRONG><a name="[b1]"></a>spotar_patch_data_ind_handler</STRONG> (Thumb, 160 bytes, Stack size 16 bytes, app_spotar_task.o(.text))
<BR><BR>[Stack]<UL><LI>Max Depth = 280<LI>Call Chain = spotar_patch_data_ind_handler &rArr; app_spotar_img_hdlr &rArr; app_read_image_headers &rArr; spi_flash_write_data &rArr; spi_flash_page_program &rArr; spi_flash_set_write_enable &rArr; spi_flash_wait_till_ready &rArr; spi_flash_read_status_reg &rArr; spi_transaction &rArr; spi_cs_low
</UL>
<BR>[Calls]<UL><LI><a href="#[c3]">&gt;&gt;</a>&nbsp;&nbsp;&nbsp;__aeabi_memcpy (via Veneer)
<LI><a href="#[1de]">&gt;&gt;</a>&nbsp;&nbsp;&nbsp;app_spotar_img_hdlr
<LI><a href="#[1d7]">&gt;&gt;</a>&nbsp;&nbsp;&nbsp;app_spotar_pd_hdlr
<LI><a href="#[1cb]">&gt;&gt;</a>&nbsp;&nbsp;&nbsp;spotar_send_status_update_req
</UL>
<BR>[Address Reference Count : 1]<UL><LI> app_spotar_task.o(.constdata)
</UL>
<P><STRONG><a name="[ae]"></a>spotar_patch_mem_dev_ind_handler</STRONG> (Thumb, 26 bytes, Stack size 8 bytes, app_spotar_task.o(.text))
<BR><BR>[Stack]<UL><LI>Max Depth = 168<LI>Call Chain = spotar_patch_mem_dev_ind_handler &rArr; app_spotar_read_mem &rArr; app_set_image_valid_flag &rArr; spi_flash_write_data &rArr; spi_flash_page_program &rArr; spi_flash_set_write_enable &rArr; spi_flash_wait_till_ready &rArr; spi_flash_read_status_reg &rArr; spi_transaction &rArr; spi_cs_low
</UL>
<BR>[Calls]<UL><LI><a href="#[1d6]">&gt;&gt;</a>&nbsp;&nbsp;&nbsp;spotar_send_mem_info_update_req
<LI><a href="#[1d3]">&gt;&gt;</a>&nbsp;&nbsp;&nbsp;app_spotar_read_mem
</UL>
<BR>[Address Reference Count : 1]<UL><LI> app_spotar_task.o(.constdata)
</UL>
<P><STRONG><a name="[af]"></a>spotar_gpio_map_ind_handler</STRONG> (Thumb, 58 bytes, Stack size 8 bytes, app_spotar_task.o(.text))
<BR><BR>[Stack]<UL><LI>Max Depth = 16<LI>Call Chain = spotar_gpio_map_ind_handler &rArr; spotar_send_mem_info_update_req
</UL>
<BR>[Calls]<UL><LI><a href="#[1d4]">&gt;&gt;</a>&nbsp;&nbsp;&nbsp;get_patching_spota_length (via Veneer)
<LI><a href="#[1d6]">&gt;&gt;</a>&nbsp;&nbsp;&nbsp;spotar_send_mem_info_update_req
<LI><a href="#[1cb]">&gt;&gt;</a>&nbsp;&nbsp;&nbsp;spotar_send_status_update_req
</UL>
<BR>[Address Reference Count : 1]<UL><LI> app_spotar_task.o(.constdata)
</UL>
<P><STRONG><a name="[b0]"></a>spotar_patch_len_ind_handler</STRONG> (Thumb, 74 bytes, Stack size 16 bytes, app_spotar_task.o(.text))
<BR><BR>[Stack]<UL><LI>Max Depth = 24<LI>Call Chain = spotar_patch_len_ind_handler &rArr; spotar_send_status_update_req
</UL>
<BR>[Calls]<UL><LI><a href="#[1cb]">&gt;&gt;</a>&nbsp;&nbsp;&nbsp;spotar_send_status_update_req
<LI><a href="#[1d5]">&gt;&gt;</a>&nbsp;&nbsp;&nbsp;app_spotar_reset
</UL>
<BR>[Address Reference Count : 1]<UL><LI> app_spotar_task.o(.constdata)
</UL>
<P><STRONG><a name="[1e1]"></a>app_easy_msg_find_idx</STRONG> (Thumb, 20 bytes, Stack size 0 bytes, app_easy_msg_utils.o(.text))
<BR><BR>[Called By]<UL><LI><a href="#[1e0]">&gt;&gt;</a>&nbsp;&nbsp;&nbsp;app_easy_msg_modify
<LI><a href="#[b5]">&gt;&gt;</a>&nbsp;&nbsp;&nbsp;app_msg_utils_api_process_handler
</UL>

<P><STRONG><a name="[1e6]"></a>create_timer</STRONG> (Thumb, 58 bytes, Stack size 16 bytes, app_easy_timer.o(.text))
<BR><BR>[Stack]<UL><LI>Max Depth = 24<LI>Call Chain = create_timer &rArr; app_check_BLE_active
</UL>
<BR>[Calls]<UL><LI><a href="#[1e7]">&gt;&gt;</a>&nbsp;&nbsp;&nbsp;arch_ble_force_wakeup
<LI><a href="#[139]">&gt;&gt;</a>&nbsp;&nbsp;&nbsp;ke_timer_set (via Veneer)
<LI><a href="#[101]">&gt;&gt;</a>&nbsp;&nbsp;&nbsp;ke_msg_send (via Veneer)
<LI><a href="#[100]">&gt;&gt;</a>&nbsp;&nbsp;&nbsp;ke_msg_alloc (via Veneer)
<LI><a href="#[1df]">&gt;&gt;</a>&nbsp;&nbsp;&nbsp;app_check_BLE_active
</UL>
<BR>[Called By]<UL><LI><a href="#[b4]">&gt;&gt;</a>&nbsp;&nbsp;&nbsp;app_timer_api_process_handler
<LI><a href="#[1e9]">&gt;&gt;</a>&nbsp;&nbsp;&nbsp;app_easy_timer
</UL>

<P><STRONG><a name="[63]"></a>timer_canceled_handler</STRONG> (Thumb, 2 bytes, Stack size 0 bytes, app_easy_timer.o(.text))
<BR>[Address Reference Count : 1]<UL><LI> app_easy_timer.o(.text)
</UL>
<P><STRONG><a name="[62]"></a>timer_modified_handler</STRONG> (Thumb, 2 bytes, Stack size 0 bytes, app_easy_timer.o(.text))
<BR>[Address Reference Count : 1]<UL><LI> app_easy_timer.o(.text)
</UL>
<P><STRONG><a name="[1e8]"></a>cancel_timer_handler</STRONG> (Thumb, 90 bytes, Stack size 8 bytes, app_easy_timer.o(.text))
<BR><BR>[Stack]<UL><LI>Max Depth = 8<LI>Call Chain = cancel_timer_handler
</UL>
<BR>[Calls]<UL><LI><a href="#[101]">&gt;&gt;</a>&nbsp;&nbsp;&nbsp;ke_msg_send (via Veneer)
<LI><a href="#[100]">&gt;&gt;</a>&nbsp;&nbsp;&nbsp;ke_msg_alloc (via Veneer)
</UL>
<BR>[Called By]<UL><LI><a href="#[b4]">&gt;&gt;</a>&nbsp;&nbsp;&nbsp;app_timer_api_process_handler
</UL>

<P><STRONG><a name="[b9]"></a>app_custs1_create_db_cfm_handler</STRONG> (Thumb, 38 bytes, Stack size 8 bytes, app_customs_task.o(.text))
<BR><BR>[Stack]<UL><LI>Max Depth = 8<LI>Call Chain = app_custs1_create_db_cfm_handler
</UL>
<BR>[Calls]<UL><LI><a href="#[f9]">&gt;&gt;</a>&nbsp;&nbsp;&nbsp;ke_state_get (via Veneer)
<LI><a href="#[101]">&gt;&gt;</a>&nbsp;&nbsp;&nbsp;ke_msg_send (via Veneer)
<LI><a href="#[100]">&gt;&gt;</a>&nbsp;&nbsp;&nbsp;ke_msg_alloc (via Veneer)
</UL>
<BR>[Address Reference Count : 1]<UL><LI> app_customs_task.o(.constdata)
</UL>
<P><STRONG><a name="[ba]"></a>app_custs1_disable_ind_handler</STRONG> (Thumb, 4 bytes, Stack size 0 bytes, app_customs_task.o(.text))
<BR>[Address Reference Count : 1]<UL><LI> app_customs_task.o(.constdata)
</UL>
<P><STRONG><a name="[1eb]"></a>user_cfgdata_erase_flash_sectors</STRONG> (Thumb, 44 bytes, Stack size 24 bytes, app_bond_db.o(.text))
<BR><BR>[Stack]<UL><LI>Max Depth = 96<LI>Call Chain = user_cfgdata_erase_flash_sectors &rArr; spi_flash_block_erase &rArr; spi_flash_set_write_enable &rArr; spi_flash_wait_till_ready &rArr; spi_flash_read_status_reg &rArr; spi_transaction &rArr; spi_cs_low
</UL>
<BR>[Calls]<UL><LI><a href="#[16f]">&gt;&gt;</a>&nbsp;&nbsp;&nbsp;spi_flash_block_erase
</UL>
<BR>[Called By]<UL><LI><a href="#[1ee]">&gt;&gt;</a>&nbsp;&nbsp;&nbsp;bond_useradjdata_store_flash
<LI><a href="#[1ec]">&gt;&gt;</a>&nbsp;&nbsp;&nbsp;bond_usercfgdata_store_flash
</UL>

<P><STRONG><a name="[1ed]"></a>bond_db_spi_flash_init</STRONG> (Thumb, 30 bytes, Stack size 8 bytes, app_bond_db.o(.text))
<BR><BR>[Stack]<UL><LI>Max Depth = 104<LI>Call Chain = bond_db_spi_flash_init &rArr; spi_flash_enable &rArr; spi_flash_auto_detect &rArr; spi_read_flash_jedec_id &rArr; spi_flash_wait_till_ready &rArr; spi_flash_read_status_reg &rArr; spi_transaction &rArr; spi_cs_low
</UL>
<BR>[Calls]<UL><LI><a href="#[173]">&gt;&gt;</a>&nbsp;&nbsp;&nbsp;spi_flash_enable
<LI><a href="#[1cf]">&gt;&gt;</a>&nbsp;&nbsp;&nbsp;spi_flash_init
</UL>
<BR>[Called By]<UL><LI><a href="#[1f2]">&gt;&gt;</a>&nbsp;&nbsp;&nbsp;bond_db_init
<LI><a href="#[1ef]">&gt;&gt;</a>&nbsp;&nbsp;&nbsp;bond_db_clear
<LI><a href="#[1ee]">&gt;&gt;</a>&nbsp;&nbsp;&nbsp;bond_useradjdata_store_flash
<LI><a href="#[1ec]">&gt;&gt;</a>&nbsp;&nbsp;&nbsp;bond_usercfgdata_store_flash
<LI><a href="#[1f1]">&gt;&gt;</a>&nbsp;&nbsp;&nbsp;bond_db_store_ext
</UL>

<P><STRONG><a name="[1f0]"></a>bond_db_erase_flash_sectors</STRONG> (Thumb, 34 bytes, Stack size 24 bytes, app_bond_db.o(.text))
<BR><BR>[Stack]<UL><LI>Max Depth = 96<LI>Call Chain = bond_db_erase_flash_sectors &rArr; spi_flash_block_erase &rArr; spi_flash_set_write_enable &rArr; spi_flash_wait_till_ready &rArr; spi_flash_read_status_reg &rArr; spi_transaction &rArr; spi_cs_low
</UL>
<BR>[Calls]<UL><LI><a href="#[16f]">&gt;&gt;</a>&nbsp;&nbsp;&nbsp;spi_flash_block_erase
</UL>
<BR>[Called By]<UL><LI><a href="#[1ef]">&gt;&gt;</a>&nbsp;&nbsp;&nbsp;bond_db_clear
<LI><a href="#[1f1]">&gt;&gt;</a>&nbsp;&nbsp;&nbsp;bond_db_store_ext
</UL>

<P><STRONG><a name="[1f1]"></a>bond_db_store_ext</STRONG> (Thumb, 34 bytes, Stack size 8 bytes, app_bond_db.o(.text))
<BR><BR>[Stack]<UL><LI>Max Depth = 120<LI>Call Chain = bond_db_store_ext &rArr; spi_flash_write_data &rArr; spi_flash_page_program &rArr; spi_flash_set_write_enable &rArr; spi_flash_wait_till_ready &rArr; spi_flash_read_status_reg &rArr; spi_transaction &rArr; spi_cs_low
</UL>
<BR>[Calls]<UL><LI><a href="#[175]">&gt;&gt;</a>&nbsp;&nbsp;&nbsp;spi_release
<LI><a href="#[171]">&gt;&gt;</a>&nbsp;&nbsp;&nbsp;spi_flash_write_data
<LI><a href="#[1f0]">&gt;&gt;</a>&nbsp;&nbsp;&nbsp;bond_db_erase_flash_sectors
<LI><a href="#[1ed]">&gt;&gt;</a>&nbsp;&nbsp;&nbsp;bond_db_spi_flash_init
</UL>
<BR>[Called By]<UL><LI><a href="#[1ef]">&gt;&gt;</a>&nbsp;&nbsp;&nbsp;bond_db_clear
</UL>

<P><STRONG><a name="[1f5]"></a>user_app_enable_pwm</STRONG> (Thumb, 70 bytes, Stack size 8 bytes, user_custs1_impl.o(.text))
<BR><BR>[Stack]<UL><LI>Max Depth = 12<LI>Call Chain = user_app_enable_pwm &rArr; arch_force_active_mode
</UL>
<BR>[Calls]<UL><LI><a href="#[d7]">&gt;&gt;</a>&nbsp;&nbsp;&nbsp;arch_force_active_mode
<LI><a href="#[1fa]">&gt;&gt;</a>&nbsp;&nbsp;&nbsp;timer2_set_sw_pause
<LI><a href="#[1fb]">&gt;&gt;</a>&nbsp;&nbsp;&nbsp;timer2_set_pwm_frequency
<LI><a href="#[1fc]">&gt;&gt;</a>&nbsp;&nbsp;&nbsp;timer2_set_pwm2_duty_cycle
<LI><a href="#[1f9]">&gt;&gt;</a>&nbsp;&nbsp;&nbsp;timer2_set_hw_pause
<LI><a href="#[1f8]">&gt;&gt;</a>&nbsp;&nbsp;&nbsp;timer2_enable
<LI><a href="#[1f6]">&gt;&gt;</a>&nbsp;&nbsp;&nbsp;set_tmr_enable
<LI><a href="#[1f7]">&gt;&gt;</a>&nbsp;&nbsp;&nbsp;set_tmr_div
</UL>
<BR>[Called By]<UL><LI><a href="#[65]">&gt;&gt;</a>&nbsp;&nbsp;&nbsp;user_app_pwm_timer_cb_handler
<LI><a href="#[1fd]">&gt;&gt;</a>&nbsp;&nbsp;&nbsp;user_custs1_ctrl_wr_ind_handler
</UL>

<P><STRONG><a name="[202]"></a>user_hex2utf8</STRONG> (Thumb, 194 bytes, Stack size 40 bytes, user_custs1_impl.o(.text))
<BR><BR>[Stack]<UL><LI>Max Depth = 40<LI>Call Chain = user_hex2utf8
</UL>
<BR>[Calls]<UL><LI><a href="#[203]">&gt;&gt;</a>&nbsp;&nbsp;&nbsp;__aeabi_idivmod (via Veneer)
</UL>
<BR>[Called By]<UL><LI><a href="#[215]">&gt;&gt;</a>&nbsp;&nbsp;&nbsp;user_app_enable_periphs
<LI><a href="#[64]">&gt;&gt;</a>&nbsp;&nbsp;&nbsp;user_app_adcval1_timer_cb_handler
<LI><a href="#[204]">&gt;&gt;</a>&nbsp;&nbsp;&nbsp;user_app_get_adj_val
</UL>

<P><STRONG><a name="[204]"></a>user_app_get_adj_val</STRONG> (Thumb, 78 bytes, Stack size 24 bytes, user_custs1_impl.o(.text))
<BR><BR>[Stack]<UL><LI>Max Depth = 64<LI>Call Chain = user_app_get_adj_val &rArr; user_hex2utf8
</UL>
<BR>[Calls]<UL><LI><a href="#[c3]">&gt;&gt;</a>&nbsp;&nbsp;&nbsp;__aeabi_memcpy (via Veneer)
<LI><a href="#[101]">&gt;&gt;</a>&nbsp;&nbsp;&nbsp;ke_msg_send (via Veneer)
<LI><a href="#[100]">&gt;&gt;</a>&nbsp;&nbsp;&nbsp;ke_msg_alloc (via Veneer)
<LI><a href="#[205]">&gt;&gt;</a>&nbsp;&nbsp;&nbsp;__aeabi_fmul
<LI><a href="#[206]">&gt;&gt;</a>&nbsp;&nbsp;&nbsp;__aeabi_f2uiz
<LI><a href="#[202]">&gt;&gt;</a>&nbsp;&nbsp;&nbsp;user_hex2utf8
</UL>
<BR>[Called By]<UL><LI><a href="#[215]">&gt;&gt;</a>&nbsp;&nbsp;&nbsp;user_app_enable_periphs
<LI><a href="#[207]">&gt;&gt;</a>&nbsp;&nbsp;&nbsp;user_custs1_long_val_wr_ind_handler
</UL>

<P><STRONG><a name="[20b]"></a>user_get_adc_common</STRONG> (Thumb, 78 bytes, Stack size 24 bytes, user_custs1_impl.o(.text))
<BR><BR>[Stack]<UL><LI>Max Depth = 24<LI>Call Chain = user_get_adc_common
</UL>
<BR>[Calls]<UL><LI><a href="#[159]">&gt;&gt;</a>&nbsp;&nbsp;&nbsp;adc_usDelay
<LI><a href="#[15b]">&gt;&gt;</a>&nbsp;&nbsp;&nbsp;adc_get_sample
<LI><a href="#[15a]">&gt;&gt;</a>&nbsp;&nbsp;&nbsp;adc_enable_channel
<LI><a href="#[158]">&gt;&gt;</a>&nbsp;&nbsp;&nbsp;adc_init
</UL>
<BR>[Called By]<UL><LI><a href="#[214]">&gt;&gt;</a>&nbsp;&nbsp;&nbsp;user_get_adc2
<LI><a href="#[20c]">&gt;&gt;</a>&nbsp;&nbsp;&nbsp;user_get_adc1
</UL>

<P><STRONG><a name="[66]"></a>user_app_button_press_cb</STRONG> (Thumb, 74 bytes, Stack size 16 bytes, user_custs1_impl.o(.text))
<BR><BR>[Stack]<UL><LI>Max Depth = 48<LI>Call Chain = user_app_button_press_cb &rArr; user_app_set_button_event &rArr; wkupct_enable_irq
</UL>
<BR>[Calls]<UL><LI><a href="#[d5]">&gt;&gt;</a>&nbsp;&nbsp;&nbsp;arch_set_extended_sleep
<LI><a href="#[211]">&gt;&gt;</a>&nbsp;&nbsp;&nbsp;GPIO_GetPinStatus
<LI><a href="#[101]">&gt;&gt;</a>&nbsp;&nbsp;&nbsp;ke_msg_send (via Veneer)
<LI><a href="#[100]">&gt;&gt;</a>&nbsp;&nbsp;&nbsp;ke_msg_alloc (via Veneer)
<LI><a href="#[212]">&gt;&gt;</a>&nbsp;&nbsp;&nbsp;user_app_set_button_event
</UL>
<BR>[Called By]<UL><LI><a href="#[215]">&gt;&gt;</a>&nbsp;&nbsp;&nbsp;user_app_enable_periphs
</UL>
<BR>[Address Reference Count : 1]<UL><LI> user_custs1_impl.o(.text)
</UL>
<P><STRONG><a name="[212]"></a>user_app_set_button_event</STRONG> (Thumb, 24 bytes, Stack size 8 bytes, user_custs1_impl.o(.text))
<BR><BR>[Stack]<UL><LI>Max Depth = 32<LI>Call Chain = user_app_set_button_event &rArr; wkupct_enable_irq
</UL>
<BR>[Calls]<UL><LI><a href="#[213]">&gt;&gt;</a>&nbsp;&nbsp;&nbsp;wkupct_register_callback
<LI><a href="#[153]">&gt;&gt;</a>&nbsp;&nbsp;&nbsp;wkupct_enable_irq
</UL>
<BR>[Called By]<UL><LI><a href="#[66]">&gt;&gt;</a>&nbsp;&nbsp;&nbsp;user_app_button_press_cb
</UL>

<P><STRONG><a name="[1fe]"></a>user_app_disable_pwm</STRONG> (Thumb, 36 bytes, Stack size 8 bytes, user_custs1_impl.o(.text))
<BR><BR>[Stack]<UL><LI>Max Depth = 16<LI>Call Chain = user_app_disable_pwm &rArr; timer2_stop
</UL>
<BR>[Calls]<UL><LI><a href="#[d6]">&gt;&gt;</a>&nbsp;&nbsp;&nbsp;arch_restore_sleep_mode
<LI><a href="#[217]">&gt;&gt;</a>&nbsp;&nbsp;&nbsp;timer2_stop
<LI><a href="#[1f8]">&gt;&gt;</a>&nbsp;&nbsp;&nbsp;timer2_enable
<LI><a href="#[1f6]">&gt;&gt;</a>&nbsp;&nbsp;&nbsp;set_tmr_enable
</UL>
<BR>[Called By]<UL><LI><a href="#[216]">&gt;&gt;</a>&nbsp;&nbsp;&nbsp;user_app_disable_periphs
<LI><a href="#[65]">&gt;&gt;</a>&nbsp;&nbsp;&nbsp;user_app_pwm_timer_cb_handler
<LI><a href="#[1fd]">&gt;&gt;</a>&nbsp;&nbsp;&nbsp;user_custs1_ctrl_wr_ind_handler
</UL>

<P><STRONG><a name="[69]"></a>adv_data_update_timer_cb</STRONG> (Thumb, 8 bytes, Stack size 8 bytes, user_all_in_one.o(.text))
<BR><BR>[Stack]<UL><LI>Max Depth = 16<LI>Call Chain = adv_data_update_timer_cb &rArr; app_easy_gap_advertise_stop
</UL>
<BR>[Calls]<UL><LI><a href="#[1be]">&gt;&gt;</a>&nbsp;&nbsp;&nbsp;app_easy_gap_advertise_stop
</UL>
<BR>[Address Reference Count : 1]<UL><LI> user_all_in_one.o(.text)
</UL>
<P><STRONG><a name="[6b]"></a>param_update_request_timer_cb</STRONG> (Thumb, 16 bytes, Stack size 8 bytes, user_all_in_one.o(.text))
<BR><BR>[Stack]<UL><LI>Max Depth = 32<LI>Call Chain = param_update_request_timer_cb &rArr; app_easy_gap_param_update_start &rArr; app_easy_gap_param_update_msg_create
</UL>
<BR>[Calls]<UL><LI><a href="#[1c3]">&gt;&gt;</a>&nbsp;&nbsp;&nbsp;app_easy_gap_param_update_start
</UL>
<BR>[Address Reference Count : 1]<UL><LI> user_all_in_one.o(.text)
</UL>
<P><STRONG><a name="[67]"></a>cali_param_update_cb</STRONG> (Thumb, 392 bytes, Stack size 48 bytes, user_all_in_one.o(.text))
<BR><BR>[Stack]<UL><LI>Max Depth = 176<LI>Call Chain = cali_param_update_cb &rArr; bond_useradjdata_store_flash &rArr; spi_flash_write_data &rArr; spi_flash_page_program &rArr; spi_flash_set_write_enable &rArr; spi_flash_wait_till_ready &rArr; spi_flash_read_status_reg &rArr; spi_transaction &rArr; spi_cs_low
</UL>
<BR>[Calls]<UL><LI><a href="#[d5]">&gt;&gt;</a>&nbsp;&nbsp;&nbsp;arch_set_extended_sleep
<LI><a href="#[211]">&gt;&gt;</a>&nbsp;&nbsp;&nbsp;GPIO_GetPinStatus
<LI><a href="#[14c]">&gt;&gt;</a>&nbsp;&nbsp;&nbsp;GPIO_SetActive
<LI><a href="#[14d]">&gt;&gt;</a>&nbsp;&nbsp;&nbsp;GPIO_SetInactive
<LI><a href="#[218]">&gt;&gt;</a>&nbsp;&nbsp;&nbsp;__aeabi_fsub
<LI><a href="#[20d]">&gt;&gt;</a>&nbsp;&nbsp;&nbsp;__aeabi_ui2f
<LI><a href="#[209]">&gt;&gt;</a>&nbsp;&nbsp;&nbsp;__aeabi_i2f
<LI><a href="#[205]">&gt;&gt;</a>&nbsp;&nbsp;&nbsp;__aeabi_fmul
<LI><a href="#[20a]">&gt;&gt;</a>&nbsp;&nbsp;&nbsp;__aeabi_fdiv
<LI><a href="#[20f]">&gt;&gt;</a>&nbsp;&nbsp;&nbsp;__aeabi_fadd
<LI><a href="#[215]">&gt;&gt;</a>&nbsp;&nbsp;&nbsp;user_app_enable_periphs
<LI><a href="#[210]">&gt;&gt;</a>&nbsp;&nbsp;&nbsp;user_app_get_led_status
<LI><a href="#[20c]">&gt;&gt;</a>&nbsp;&nbsp;&nbsp;user_get_adc1
<LI><a href="#[1ee]">&gt;&gt;</a>&nbsp;&nbsp;&nbsp;bond_useradjdata_store_flash
<LI><a href="#[1ec]">&gt;&gt;</a>&nbsp;&nbsp;&nbsp;bond_usercfgdata_store_flash
</UL>
<BR>[Address Reference Count : 1]<UL><LI> user_all_in_one.o(.text)
</UL>
<P><STRONG><a name="[68]"></a>app_check_button_cb</STRONG> (Thumb, 218 bytes, Stack size 24 bytes, user_all_in_one.o(.text))
<BR><BR>[Stack]<UL><LI>Max Depth = 64<LI>Call Chain = app_check_button_cb &rArr; app_easy_timer &rArr; create_timer &rArr; app_check_BLE_active
</UL>
<BR>[Calls]<UL><LI><a href="#[d7]">&gt;&gt;</a>&nbsp;&nbsp;&nbsp;arch_force_active_mode
<LI><a href="#[d6]">&gt;&gt;</a>&nbsp;&nbsp;&nbsp;arch_restore_sleep_mode
<LI><a href="#[211]">&gt;&gt;</a>&nbsp;&nbsp;&nbsp;GPIO_GetPinStatus
<LI><a href="#[d9]">&gt;&gt;</a>&nbsp;&nbsp;&nbsp;__aeabi_uidivmod (via Veneer)
<LI><a href="#[1ea]">&gt;&gt;</a>&nbsp;&nbsp;&nbsp;app_easy_timer_cancel
<LI><a href="#[1e9]">&gt;&gt;</a>&nbsp;&nbsp;&nbsp;app_easy_timer
<LI><a href="#[1be]">&gt;&gt;</a>&nbsp;&nbsp;&nbsp;app_easy_gap_advertise_stop
<LI><a href="#[216]">&gt;&gt;</a>&nbsp;&nbsp;&nbsp;user_app_disable_periphs
<LI><a href="#[210]">&gt;&gt;</a>&nbsp;&nbsp;&nbsp;user_app_get_led_status
<LI><a href="#[200]">&gt;&gt;</a>&nbsp;&nbsp;&nbsp;user_app_enable_led
<LI><a href="#[1ff]">&gt;&gt;</a>&nbsp;&nbsp;&nbsp;user_app_disable_led
</UL>
<BR>[Address Reference Count : 1]<UL><LI> user_all_in_one.o(.text)
</UL>
<P><STRONG><a name="[6c]"></a>app_wakeup_cb</STRONG> (Thumb, 18 bytes, Stack size 8 bytes, user_all_in_one.o(.text))
<BR><BR>[Stack]<UL><LI>Max Depth = 212<LI>Call Chain = app_wakeup_cb &rArr; user_app_adv_start &rArr; app_easy_gap_undirected_advertise_start &rArr; app_easy_gap_undirected_advertise_start_create_msg &rArr; app_easy_gap_adv_read_from_NVDS &rArr; malloc
</UL>
<BR>[Calls]<UL><LI><a href="#[f9]">&gt;&gt;</a>&nbsp;&nbsp;&nbsp;ke_state_get (via Veneer)
<LI><a href="#[1b0]">&gt;&gt;</a>&nbsp;&nbsp;&nbsp;user_app_adv_start
</UL>
<BR>[Address Reference Count : 1]<UL><LI> user_all_in_one.o(.text)
</UL>
<P><STRONG><a name="[6a]"></a>app_wakeup_led_ctrl_cb</STRONG> (Thumb, 50 bytes, Stack size 16 bytes, user_all_in_one.o(.text))
<BR><BR>[Stack]<UL><LI>Max Depth = 28<LI>Call Chain = app_wakeup_led_ctrl_cb &rArr; user_app_enable_led &rArr; arch_force_active_mode
</UL>
<BR>[Calls]<UL><LI><a href="#[186]">&gt;&gt;</a>&nbsp;&nbsp;&nbsp;arch_ble_ext_wakeup_get
<LI><a href="#[210]">&gt;&gt;</a>&nbsp;&nbsp;&nbsp;user_app_get_led_status
<LI><a href="#[200]">&gt;&gt;</a>&nbsp;&nbsp;&nbsp;user_app_enable_led
<LI><a href="#[1ff]">&gt;&gt;</a>&nbsp;&nbsp;&nbsp;user_app_disable_led
</UL>
<BR>[Address Reference Count : 1]<UL><LI> user_all_in_one.o(.text)
</UL>
<P><STRONG><a name="[6d]"></a>app_button_press_cb</STRONG> (Thumb, 56 bytes, Stack size 8 bytes, user_all_in_one.o(.text))
<BR><BR>[Stack]<UL><LI>Max Depth = 64<LI>Call Chain = app_button_press_cb &rArr; periph_init &rArr; set_pad_functions &rArr; GPIO_ConfigurePin &rArr; GPIO_SetPinFunction
</UL>
<BR>[Calls]<UL><LI><a href="#[1e7]">&gt;&gt;</a>&nbsp;&nbsp;&nbsp;arch_ble_force_wakeup
<LI><a href="#[186]">&gt;&gt;</a>&nbsp;&nbsp;&nbsp;arch_ble_ext_wakeup_get
<LI><a href="#[219]">&gt;&gt;</a>&nbsp;&nbsp;&nbsp;arch_ble_ext_wakeup_off
<LI><a href="#[d2]">&gt;&gt;</a>&nbsp;&nbsp;&nbsp;arch_set_sleep_mode
<LI><a href="#[ea]">&gt;&gt;</a>&nbsp;&nbsp;&nbsp;periph_init
<LI><a href="#[1e4]">&gt;&gt;</a>&nbsp;&nbsp;&nbsp;app_easy_wakeup
<LI><a href="#[1e9]">&gt;&gt;</a>&nbsp;&nbsp;&nbsp;app_easy_timer
</UL>
<BR>[Address Reference Count : 1]<UL><LI> user_all_in_one.o(.text)
</UL><P>
<H3>
Undefined Global Symbols
</H3><HR></body></html>
